Product: MDK-ARM Standard 5.10
Component: ARM Compiler 5.04 update 1 (build 49)
Tool: armlink [5040049]

==============================================================================

Section Cross References

    main.o(i.ADC0SS1_Handler) refers to main.o(.data) for adc
    main.o(i.GPIOB_Handler) refers to main.o(.data) for cur
    main.o(i.GPIOB_Handler) refers to main.o(.bss) for flag
    main.o(i.Send) refers to dflt_clz.o(x$fpl$dfltu) for __aeabi_ui2d
    main.o(i.Send) refers to pow.o(i.__hardfp_pow) for __hardfp_pow
    main.o(i.Send) refers to ddiv.o(x$fpl$ddiv) for __aeabi_ddiv
    main.o(i.Send) refers to dfixu.o(x$fpl$dfixu) for __aeabi_d2uiz
    main.o(i.Send) refers to main.o(.bss) for srf
    main.o(i.Send) refers to main.o(.data) for adc
    main.o(i.SysTick_Handler) refers to main.o(.data) for tick
    main.o(i.TIMER0A_Handler) refers to main.o(i.Send) for Send
    main.o(i.TIMER0A_Handler) refers to main.o(i.Trigger) for Trigger
    main.o(i.Trigger) refers to gpio.o(i.GPIO_IntAct) for GPIO_IntAct
    main.o(i.Trigger) refers to gpio.o(i.GPIO_Write) for GPIO_Write
    main.o(i.UART5_Handler) refers to main.o(.data) for buffer
    main.o(i.checkstate) refers to strcmpv7m.o(.text) for strcmp
    main.o(i.checkstate) refers to pwm.o(i.PWM_Load) for PWM_Load
    main.o(i.checkstate) refers to main.o(.data) for buffer
    main.o(i.main) refers to pll.o(i.PLL_Init) for PLL_Init
    main.o(i.main) refers to systick.o(i.Systick_Init) for Systick_Init
    main.o(i.main) refers to gpio.o(i.GPIO_RCGC) for GPIO_RCGC
    main.o(i.main) refers to gpio.o(i.GPIO_AinInit) for GPIO_AinInit
    main.o(i.main) refers to adc.o(i.ADC_Init) for ADC_Init
    main.o(i.main) refers to main.o(i.NVIC_EnableIRQ) for NVIC_EnableIRQ
    main.o(i.main) refers to main.o(i.NVIC_SetPriority) for NVIC_SetPriority
    main.o(i.main) refers to gpio.o(i.GPIO_DinInit) for GPIO_DinInit
    main.o(i.main) refers to gpio.o(i.GPIO_IntConfig) for GPIO_IntConfig
    main.o(i.main) refers to gpio.o(i.GPIO_Unlock) for GPIO_Unlock
    main.o(i.main) refers to gpio.o(i.GPIO_AFInit) for GPIO_AFInit
    main.o(i.main) refers to pwm.o(i.PWM_Init) for PWM_Init
    main.o(i.main) refers to pwm.o(i.PWM_Load) for PWM_Load
    main.o(i.main) refers to main.o(i.run) for run
    main.o(i.main) refers to main.o(.data) for state
    main.o(i.motor) refers to gpio.o(i.GPIO_Write) for GPIO_Write
    main.o(i.motor) refers to pwm.o(i.PWM_Load) for PWM_Load
    main.o(i.run) refers to main.o(i.checkstate) for checkstate
    main.o(i.run) refers to main.o(i.motor) for motor
    main.o(i.run) refers to main.o(.bss) for srf
    main.o(i.run) refers to main.o(.data) for state
    gpio.o(i.GPIO_AFInit) refers to log10l.o(i.__hardfp_log10l) for __hardfp_log10l
    gpio.o(i.GPIO_AFInit) refers to dflt_clz.o(x$fpl$dflt) for __aeabi_i2d
    gpio.o(i.GPIO_AFInit) refers to ddiv.o(x$fpl$ddiv) for __aeabi_ddiv
    gpio.o(i.GPIO_AFInit) refers to dfix.o(x$fpl$dfix) for __aeabi_d2iz
    gpio.o(i.GPIO_IntConfig) refers to gpio.o(i.GPIO_IntEnable) for GPIO_IntEnable
    gpio.o(i.GPIO_IntEnable) refers to gpio.o(i.NVIC_Enable) for NVIC_Enable
    gpio.o(i.GPIO_IntEnable) refers to gpio.o(i.NVIC_SetPrio) for NVIC_SetPrio
    pwm.o(i.PWM_Init) refers to pwm.o(i.PWM_GEN_0_Init) for PWM_GEN_0_Init
    pwm.o(i.PWM_Init) refers to pwm.o(i.PWM_GEN_1_Init) for PWM_GEN_1_Init
    pwm.o(i.PWM_Init) refers to pwm.o(i.PWM_GEN_2_Init) for PWM_GEN_2_Init
    pwm.o(i.PWM_Init) refers to pwm.o(i.PWM_GEN_3_Init) for PWM_GEN_3_Init
    startup_tm4c123.o(STACK) refers (Special) to heapauxi.o(.text) for __use_two_region_memory
    startup_tm4c123.o(HEAP) refers (Special) to heapauxi.o(.text) for __use_two_region_memory
    startup_tm4c123.o(RESET) refers (Special) to heapauxi.o(.text) for __use_two_region_memory
    startup_tm4c123.o(RESET) refers to startup_tm4c123.o(STACK) for __initial_sp
    startup_tm4c123.o(RESET) refers to startup_tm4c123.o(.text) for Reset_Handler
    startup_tm4c123.o(RESET) refers to main.o(i.SysTick_Handler) for SysTick_Handler
    startup_tm4c123.o(RESET) refers to main.o(i.GPIOB_Handler) for GPIOB_Handler
    startup_tm4c123.o(RESET) refers to main.o(i.ADC0SS1_Handler) for ADC0SS1_Handler
    startup_tm4c123.o(RESET) refers to main.o(i.TIMER0A_Handler) for TIMER0A_Handler
    startup_tm4c123.o(RESET) refers to main.o(i.UART5_Handler) for UART5_Handler
    startup_tm4c123.o(.text) refers (Special) to heapauxi.o(.text) for __use_two_region_memory
    startup_tm4c123.o(.text) refers to system_tm4c123.o(i.SystemInit) for SystemInit
    startup_tm4c123.o(.text) refers to __main.o(!!!main) for __main
    startup_tm4c123.o(.text) refers to startup_tm4c123.o(HEAP) for Heap_Mem
    startup_tm4c123.o(.text) refers to startup_tm4c123.o(STACK) for Stack_Mem
    system_tm4c123.o(i.SystemCoreClockUpdate) refers to system_tm4c123.o(i.getOscClk) for getOscClk
    system_tm4c123.o(i.SystemCoreClockUpdate) refers to system_tm4c123.o(.data) for SystemCoreClock
[...]
    rtentry2.o(.ARM.exidx) refers to rtentry2.o(.ARM.Collect$$rtentry$$0000000A) for .ARM.Collect$$rtentry$$0000000A
    rtentry2.o(.ARM.exidx) refers to rtentry2.o(.ARM.Collect$$rtentry$$0000000B) for .ARM.Collect$$rtentry$$0000000B
    rtentry2.o(.ARM.exidx) refers to rtentry2.o(.ARM.Collect$$rtentry$$0000000D) for .ARM.Collect$$rtentry$$0000000D
    rtentry4.o(.ARM.Collect$$rtentry$$00000004) refers to sys_stackheap_outer.o(.text) for __user_setup_stackheap
    rtentry4.o(.ARM.exidx) refers to rtentry4.o(.ARM.Collect$$rtentry$$00000004) for .ARM.Collect$$rtentry$$00000004
    rt_errno_addr.o(.text) refers to rt_errno_addr.o(.bss) for __aeabi_errno_addr_data
    rt_errno_addr_intlibspace.o(.text) refers to libspace.o(.bss) for __libspace_start
    dcheck1.o(x$fpl$dcheck1) refers (Special) to usenofp.o(x$fpl$usenofp) for __I$use$fp
    dcheck1.o(x$fpl$dcheck1) refers to retnan.o(x$fpl$retnan) for __fpl_return_NaN
    dleqf.o(x$fpl$dleqf) refers (Special) to usenofp.o(x$fpl$usenofp) for __I$use$fp
    dleqf.o(x$fpl$dleqf) refers to dnaninf.o(x$fpl$dnaninf) for __fpl_dnaninf
    dleqf.o(x$fpl$dleqf) refers to dcmpi.o(x$fpl$dcmpinf) for __fpl_dcmp_Inf
    dsqrt_umaal.o(x$fpl$dsqrt) refers (Special) to usenofp.o(x$fpl$usenofp) for __I$use$fp
    dsqrt_umaal.o(x$fpl$dsqrt) refers to dnaninf.o(x$fpl$dnaninf) for __fpl_dnaninf
    log.o(i.__hardfp_log) refers (Special) to usenofp.o(x$fpl$usenofp) for __I$use$fp
    log.o(i.__hardfp_log) refers to daddsub_clz.o(x$fpl$dadd) for __aeabi_dadd
    log.o(i.__hardfp_log) refers to _rserrno.o(.text) for __set_errno
    log.o(i.__hardfp_log) refers to ddiv.o(x$fpl$ddiv) for __aeabi_ddiv
    log.o(i.__hardfp_log) refers to dmul.o(x$fpl$dmul) for __aeabi_dmul
    log.o(i.__hardfp_log) refers to daddsub_clz.o(x$fpl$dsub) for __aeabi_dsub
    log.o(i.__hardfp_log) refers to deqf.o(x$fpl$deqf) for __aeabi_cdcmpeq
    log.o(i.__hardfp_log) refers to dflt_clz.o(x$fpl$dflt) for __aeabi_i2d
    log.o(i.__hardfp_log) refers to daddsub_clz.o(x$fpl$drsb) for __aeabi_drsub
    log.o(i.__hardfp_log) refers to poly.o(i.__kernel_poly) for __kernel_poly
    log.o(i.__hardfp_log) refers to qnan.o(.constdata) for __mathlib_zero
    log.o(i.__hardfp_log) refers to log.o(.constdata) for .constdata
    log.o(i.__softfp_log) refers (Special) to usenofp.o(x$fpl$usenofp) for __I$use$fp
    log.o(i.__softfp_log) refers to log.o(i.__hardfp_log) for __hardfp_log
    log.o(i.log) refers (Special) to usenofp.o(x$fpl$usenofp) for __I$use$fp
    log.o(i.log) refers to log.o(i.__hardfp_log) for __hardfp_log
    log.o(.constdata) refers (Special) to usenofp.o(x$fpl$usenofp) for __I$use$fp
    log_x.o(i.____hardfp_log$lsc) refers (Special) to usenofp.o(x$fpl$usenofp) for __I$use$fp
    log_x.o(i.____hardfp_log$lsc) refers to daddsub_clz.o(x$fpl$dadd) for __aeabi_dadd
    log_x.o(i.____hardfp_log$lsc) refers to _rserrno.o(.text) for __set_errno
    log_x.o(i.____hardfp_log$lsc) refers to dmul.o(x$fpl$dmul) for __aeabi_dmul
    log_x.o(i.____hardfp_log$lsc) refers to daddsub_clz.o(x$fpl$dsub) for __aeabi_dsub
    log_x.o(i.____hardfp_log$lsc) refers to deqf.o(x$fpl$deqf) for __aeabi_cdcmpeq
    log_x.o(i.____hardfp_log$lsc) refers to dflt_clz.o(x$fpl$dflt) for __aeabi_i2d
    log_x.o(i.____hardfp_log$lsc) refers to daddsub_clz.o(x$fpl$drsb) for __aeabi_drsub
    log_x.o(i.____hardfp_log$lsc) refers to ddiv.o(x$fpl$ddiv) for __aeabi_ddiv
    log_x.o(i.____hardfp_log$lsc) refers to poly.o(i.__kernel_poly) for __kernel_poly
    log_x.o(i.____hardfp_log$lsc) refers to qnan.o(.constdata) for __mathlib_zero
    log_x.o(i.____hardfp_log$lsc) refers to log_x.o(.constdata) for .constdata
    log_x.o(i.____softfp_log$lsc) refers (Special) to usenofp.o(x$fpl$usenofp) for __I$use$fp
    log_x.o(i.____softfp_log$lsc) refers to log_x.o(i.____hardfp_log$lsc) for ____hardfp_log$lsc
    log_x.o(i.__log$lsc) refers (Special) to usenofp.o(x$fpl$usenofp) for __I$use$fp
    log_x.o(i.__log$lsc) refers to log_x.o(i.____hardfp_log$lsc) for ____hardfp_log$lsc
    log_x.o(.constdata) refers (Special) to usenofp.o(x$fpl$usenofp) for __I$use$fp
    libspace.o(.text) refers to libspace.o(.bss) for __libspace_start
    sys_stackheap_outer.o(.text) refers to libspace.o(.text) for __user_perproc_libspace
    sys_stackheap_outer.o(.text) refers to startup_tm4c123.o(.text) for __user_initial_stackheap
    exit.o(.text) refers to rtexit.o(.ARM.Collect$$rtexit$$00000000) for __rt_exit
    libinit.o(.ARM.Collect$$libinit$$00000000) refers (Special) to libinit2.o(.ARM.Collect$$libinit$$0000002C) for __rt_lib_init_alloca_1
    libinit.o(.ARM.Collect$$libinit$$00000000) refers (Special) to libinit2.o(.ARM.Collect$$libinit$$0000002A) for __rt_lib_init_argv_1
    libinit.o(.ARM.Collect$$libinit$$00000000) refers (Special) to libinit2.o(.ARM.Collect$$libinit$$00000019) for __rt_lib_init_atexit_1
    libinit.o(.ARM.Collect$$libinit$$00000000) refers (Special) to libinit2.o(.ARM.Collect$$libinit$$0000001F) for __rt_lib_init_clock_1
    libinit.o(.ARM.Collect$$libinit$$00000000) refers (Special) to libinit2.o(.ARM.Collect$$libinit$$00000030) for __rt_lib_init_cpp_1
    libinit.o(.ARM.Collect$$libinit$$00000000) refers (Special) to libinit2.o(.ARM.Collect$$libinit$$0000002E) for __rt_lib_init_exceptions_1
    libinit.o(.ARM.Collect$$libinit$$00000000) refers (Special) to libinit2.o(.ARM.Collect$$libinit$$00000001) for __rt_lib_init_fp_1
    libinit.o(.ARM.Collect$$libinit$$00000000) refers (Special) to libinit2.o(.ARM.Collect$$libinit$$0000001D) for __rt_lib_init_fp_trap_1
    libinit.o(.ARM.Collect$$libinit$$00000000) refers (Special) to libinit2.o(.ARM.Collect$$libinit$$00000021) for __rt_lib_init_getenv_1
    libinit.o(.ARM.Collect$$libinit$$00000000) refers (Special) to libinit2.o(.ARM.Collect$$libinit$$00000008) for __rt_lib_init_heap_1
    libinit.o(.ARM.Collect$$libinit$$00000000) refers (Special) to libinit2.o(.ARM.Collect$$libinit$$0000000F) for __rt_lib_init_lc_collate_1
    libinit.o(.ARM.Collect$$libinit$$00000000) refers (Special) to libinit2.o(.ARM.Collect$$libinit$$00000011) for __rt_lib_init_lc_ctype_1
    libinit.o(.ARM.Collect$$libinit$$00000000) refers (Special) to libinit2.o(.ARM.Collect$$libinit$$00000013) for __rt_lib_init_lc_monetary_1
    libinit.o(.ARM.Collect$$libinit$$00000000) refers (Special) to libinit2.o(.ARM.Collect$$libinit$$00000015) for __rt_lib_init_lc_numeric_1
    libinit.o(.ARM.Collect$$libinit$$00000000) refers (Special) to libinit2.o(.ARM.Collect$$libinit$$00000017) for __rt_lib_init_lc_time_1
    libinit.o(.ARM.Collect$$libinit$$00000000) refers (Special) to libinit2.o(.ARM.Collect$$libinit$$0000000C) for __rt_lib_init_rand_1
    libinit.o(.ARM.Collect$$libinit$$00000000) refers (Special) to libinit2.o(.ARM.Collect$$libinit$$00000031) for __rt_lib_init_return
    libinit.o(.ARM.Collect$$libinit$$00000000) refers (Special) to libinit2.o(.ARM.Collect$$libinit$$0000001B) for __rt_lib_init_signal_1
    libinit.o(.ARM.Collect$$libinit$$00000000) refers (Special) to libinit2.o(.ARM.Collect$$libinit$$00000023) for __rt_lib_init_stdio_1
    libinit.o(.ARM.Collect$$libinit$$00000000) refers (Special) to libinit2.o(.ARM.Collect$$libinit$$0000000A) for __rt_lib_init_user_alloc_1
    dcmpi.o(x$fpl$dcmpinf) refers (Special) to usenofp.o(x$fpl$usenofp) for __I$use$fp
    deqf.o(x$fpl$deqf) refers (Special) to usenofp.o(x$fpl$usenofp) for __I$use$fp
    deqf.o(x$fpl$deqf) refers to dnaninf.o(x$fpl$dnaninf) for __fpl_dnaninf
    deqf.o(x$fpl$deqf) refers to dcmpi.o(x$fpl$dcmpinf) for __fpl_dcmp_Inf
    retnan.o(x$fpl$retnan) refers (Special) to usenofp.o(x$fpl$usenofp) for __I$use$fp
    retnan.o(x$fpl$retnan) refers to trapv.o(x$fpl$trapveneer) for __fpl_cmpreturn
    rtexit.o(.ARM.Collect$$rtexit$$00000000) refers (Special) to rtexit2.o(.ARM.Collect$$rtexit$$00000004) for __rt_exit_exit
    rtexit.o(.ARM.Collect$$rtexit$$00000000) refers (Special) to rtexit2.o(.ARM.Collect$$rtexit$$00000003) for __rt_exit_ls
    rtexit.o(.ARM.Collect$$rtexit$$00000000) refers (Special) to rtexit2.o(.ARM.Collect$$rtexit$$00000002) for __rt_exit_prels_1
    rtexit.o(.ARM.exidx) refers (Special) to rtexit2.o(.ARM.Collect$$rtexit$$00000004) for __rt_exit_exit
    rtexit.o(.ARM.exidx) refers (Special) to rtexit2.o(.ARM.Collect$$rtexit$$00000003) for __rt_exit_ls
    rtexit.o(.ARM.exidx) refers (Special) to rtexit2.o(.ARM.Collect$$rtexit$$00000002) for __rt_exit_prels_1
    rtexit.o(.ARM.exidx) refers to rtexit.o(.ARM.Collect$$rtexit$$00000000) for .ARM.Collect$$rtexit$$00000000
    libinit2.o(.ARM.Collect$$libinit$$00000001) refers to fpinit.o(x$fpl$fpinit) for _fp_init
    libinit2.o(.ARM.Collect$$libinit$$0000000E) refers to libinit2.o(.ARM.Collect$$libinit$$0000000D) for .ARM.Collect$$libinit$$0000000D
    libinit2.o(.ARM.Collect$$libinit$$00000010) refers to libinit2.o(.ARM.Collect$$libinit$$0000000D) for .ARM.Collect$$libinit$$0000000D
    libinit2.o(.ARM.Collect$$libinit$$00000012) refers to libinit2.o(.ARM.Collect$$libinit$$0000000D) for .ARM.Collect$$libinit$$0000000D
    libinit2.o(.ARM.Collect$$libinit$$00000014) refers to libinit2.o(.ARM.Collect$$libinit$$0000000D) for .ARM.Collect$$libinit$$0000000D
    libinit2.o(.ARM.Collect$$libinit$$00000016) refers to libinit2.o(.ARM.Collect$$libinit$$0000000D) for .ARM.Collect$$libinit$$0000000D
    libinit2.o(.ARM.Collect$$libinit$$00000024) refers to argv_veneer.o(.emb_text) for __ARM_argv_veneer
    libinit2.o(.ARM.Collect$$libinit$$00000025) refers to argv_veneer.o(.emb_text) for __ARM_argv_veneer
    trapv.o(x$fpl$trapveneer) refers (Special) to usenofp.o(x$fpl$usenofp) for __I$use$fp
    rtexit2.o(.ARM.Collect$$rtexit$$00000003) refers to libshutdown.o(.ARM.Collect$$libshutdown$$00000000) for __rt_lib_shutdown
    rtexit2.o(.ARM.Collect$$rtexit$$00000004) refers to sys_exit.o(.text) for _sys_exit
    rtexit2.o(.ARM.exidx) refers to rtexit2.o(.ARM.Collect$$rtexit$$00000001) for .ARM.Collect$$rtexit$$00000001
    rtexit2.o(.ARM.exidx) refers to rtexit2.o(.ARM.Collect$$rtexit$$00000003) for .ARM.Collect$$rtexit$$00000003
    rtexit2.o(.ARM.exidx) refers to rtexit2.o(.ARM.Collect$$rtexit$$00000004) for .ARM.Collect$$rtexit$$00000004
    argv_veneer.o(.emb_text) refers to no_argv.o(.text) for __ARM_get_argv
    sys_exit.o(.text) refers (Special) to use_no_semi.o(.text) for __I$use$semihosting
    sys_exit.o(.text) refers (Special) to indicate_semi.o(.text) for __semihosting_library_function
    _get_argv_nomalloc.o(.text) refers (Special) to hrguard.o(.text) for __heap_region$guard
    _get_argv_nomalloc.o(.text) refers to defsig_rtmem_outer.o(.text) for __rt_SIGRTMEM
    _get_argv_nomalloc.o(.text) refers to sys_command.o(.text) for _sys_command_string
    libshutdown.o(.ARM.Collect$$libshutdown$$00000000) refers (Special) to libshutdown2.o(.ARM.Collect$$libshutdown$$00000006) for __rt_lib_shutdown_fp_trap_1
    libshutdown.o(.ARM.Collect$$libshutdown$$00000000) refers (Special) to libshutdown2.o(.ARM.Collect$$libshutdown$$0000000E) for __rt_lib_shutdown_heap_1
    libshutdown.o(.ARM.Collect$$libshutdown$$00000000) refers (Special) to libshutdown2.o(.ARM.Collect$$libshutdown$$0000000F) for __rt_lib_shutdown_return
    libshutdown.o(.ARM.Collect$$libshutdown$$00000000) refers (Special) to libshutdown2.o(.ARM.Collect$$libshutdown$$00000009) for __rt_lib_shutdown_signal_1
    libshutdown.o(.ARM.Collect$$libshutdown$$00000000) refers (Special) to libshutdown2.o(.ARM.Collect$$libshutdown$$00000003) for __rt_lib_shutdown_stdio_1
    libshutdown.o(.ARM.Collect$$libshutdown$$00000000) refers (Special) to libshutdown2.o(.ARM.Collect$$libshutdown$$0000000B) for __rt_lib_shutdown_user_alloc_1
    sys_command.o(.text) refers (Special) to use_no_semi.o(.text) for __I$use$semihosting
    sys_command.o(.text) refers (Special) to indicate_semi.o(.text) for __semihosting_library_function
    defsig_rtmem_outer.o(.text) refers to defsig_rtmem_inner.o(.text) for __rt_SIGRTMEM_inner
    defsig_rtmem_outer.o(.text) refers to defsig_exit.o(.text) for __sig_exit
    defsig_rtmem_formal.o(.text) refers to rt_raise.o(.text) for __rt_raise
    rt_raise.o(.text) refers to __raise.o(.text) for __raise
    rt_raise.o(.text) refers to sys_exit.o(.text) for _sys_exit
    defsig_exit.o(.text) refers to sys_exit.o(.text) for _sys_exit
    defsig_rtmem_inner.o(.text) refers to defsig_general.o(.text) for __default_signal_display
    __raise.o(.text) refers to defsig.o(CL$$defsig) for __default_signal_handler
    defsig_general.o(.text) refers to sys_wrch.o(.text) for _ttywrch
    sys_wrch.o(.text) refers (Special) to use_no_semi.o(.text) for __I$use$semihosting
    sys_wrch.o(.text) refers (Special) to indicate_semi.o(.text) for __semihosting_library_function
    defsig.o(CL$$defsig) refers to defsig_rtmem_inner.o(.text) for __rt_SIGRTMEM_inner
    defsig_abrt_inner.o(.text) refers to defsig_general.o(.text) for __default_signal_display
    defsig_fpe_inner.o(.text) refers to defsig_general.o(.text) for __default_signal_display
    defsig_rtred_inner.o(.text) refers to defsig_general.o(.text) for __default_signal_display
    defsig_stak_inner.o(.text) refers to defsig_general.o(.text) for __default_signal_display
    defsig_pvfn_inner.o(.text) refers to defsig_general.o(.text) for __default_signal_display
    defsig_cppl_inner.o(.text) refers to defsig_general.o(.text) for __default_signal_display
    defsig_segv_inner.o(.text) refers to defsig_general.o(.text) for __default_signal_display
    defsig_other.o(.text) refers to defsig_general.o(.text) for __default_signal_display


==============================================================================

Removing Unused input sections from the image.

    Removing main.o(.rev16_text), (4 bytes).
    Removing main.o(.revsh_text), (4 bytes).
    Removing gpio.o(.rev16_text), (4 bytes).
    Removing gpio.o(.revsh_text), (4 bytes).
    Removing gpio.o(i.GPIO_DigDisable), (12 bytes).
    Removing gpio.o(i.GPIO_DigEnable), (12 bytes).
    Removing gpio.o(i.GPIO_Read), (8 bytes).
    Removing pwm.o(.rev16_text), (4 bytes).
    Removing pwm.o(.revsh_text), (4 bytes).
    Removing pwm.o(i.PWM_Disable), (8 bytes).
    Removing pwm.o(i.PWM_Enable), (8 bytes).
    Removing pwm.o(i.PWM_SYSCLOCK), (36 bytes).
    Removing systick.o(.rev16_text), (4 bytes).
    Removing systick.o(.revsh_text), (4 bytes).
    Removing systick.o(i.SysTick_Current), (8 bytes).
    Removing adc.o(.rev16_text), (4 bytes).
    Removing adc.o(.revsh_text), (4 bytes).
    Removing adc.o(i.ADC_SS0_Read), (66 bytes).
    Removing adc.o(i.ADC_SS1_Read), (66 bytes).
    Removing adc.o(i.ADC_SS2_Read), (72 bytes).
    Removing adc.o(i.ADC_SS3_Read), (38 bytes).
    Removing pll.o(.rev16_text), (4 bytes).
    Removing pll.o(.revsh_text), (4 bytes).
    Removing uart.o(.rev16_text), (4 bytes).
    Removing uart.o(.revsh_text), (4 bytes).
    Removing uart.o(i.UART_Init), (136 bytes).
    Removing system_tm4c123.o(.rev16_text), (4 bytes).
    Removing system_tm4c123.o(.revsh_text), (4 bytes).
    Removing system_tm4c123.o(i.SystemCoreClockUpdate), (196 bytes).
    Removing system_tm4c123.o(i.getOscClk), (244 bytes).
    Removing system_tm4c123.o(.data), (4 bytes).

31 unused section(s) (total 978 bytes) removed from the image.

==============================================================================

Image Symbol Table

    Local Symbols

    Symbol Name                              Value     Ov Type        Size  Object(Section)

    RESET                                    0x00000000   Section      620  startup_tm4c123.o(RESET)
    ../clib/angel/boardlib.s                 0x00000000   Number         0  boardinit2.o ABSOLUTE
    ../clib/angel/boardlib.s                 0x00000000   Number         0  boardinit1.o ABSOLUTE
    ../clib/angel/boardlib.s                 0x00000000   Number         0  boardinit3.o ABSOLUTE
    ../clib/angel/boardlib.s                 0x00000000   Number         0  boardshut.o ABSOLUTE
    ../clib/angel/handlers.s                 0x00000000   Number         0  __scatter_copy.o ABSOLUTE
    ../clib/angel/handlers.s                 0x00000000   Number         0  __scatter_zi.o ABSOLUTE
    ../clib/angel/kernel.s                   0x00000000   Number         0  rtentry2.o ABSOLUTE
    ../clib/angel/kernel.s                   0x00000000   Number         0  rtentry4.o ABSOLUTE
    ../clib/angel/kernel.s                   0x00000000   Number         0  rtentry.o ABSOLUTE
    ../clib/angel/kernel.s                   0x00000000   Number         0  rtexit.o ABSOLUTE
    ../clib/angel/kernel.s                   0x00000000   Number         0  rtexit2.o ABSOLUTE
    ../clib/angel/rt.s                       0x00000000   Number         0  rt_raise.o ABSOLUTE
    ../clib/angel/rt.s                       0x00000000   Number         0  rt_errno_addr_intlibspace.o ABSOLUTE
    ../clib/angel/rt.s                       0x00000000   Number         0  rt_errno_addr.o ABSOLUTE
    ../clib/angel/scatter.s                  0x00000000   Number         0  __scatter.o ABSOLUTE
    ../clib/angel/startup.s                  0x00000000   Number         0  __main.o ABSOLUTE
    ../clib/angel/sys.s                      0x00000000   Number         0  sys_stackheap_outer.o ABSOLUTE
    ../clib/angel/sys.s                      0x00000000   Number         0  libspace.o ABSOLUTE
    ../clib/angel/sys.s                      0x00000000   Number         0  indicate_semi.o ABSOLUTE
    ../clib/angel/sys.s                      0x00000000   Number         0  use_no_semi.o ABSOLUTE
    ../clib/angel/sysapp.c                   0x00000000   Number         0  sys_wrch.o ABSOLUTE
    ../clib/angel/sysapp.c                   0x00000000   Number         0  sys_command.o ABSOLUTE
    ../clib/angel/sysapp.c                   0x00000000   Number         0  sys_exit.o ABSOLUTE
    ../clib/armsys.c                         0x00000000   Number         0  _get_argv_nomalloc.o ABSOLUTE
    ../clib/armsys.c                         0x00000000   Number         0  no_argv.o ABSOLUTE
    ../clib/armsys.c                         0x00000000   Number         0  argv_veneer.o ABSOLUTE
    ../clib/armsys.c                         0x00000000   Number         0  argv_veneer.o ABSOLUTE
    ../clib/fenv.c                           0x00000000   Number         0  _rserrno.o ABSOLUTE
    ../clib/heapalloc.c                      0x00000000   Number         0  hrguard.o ABSOLUTE
    ../clib/heapaux.c                        0x00000000   Number         0  heapauxi.o ABSOLUTE
    ../clib/libinit.s                        0x00000000   Number         0  libshutdown.o ABSOLUTE
    ../clib/libinit.s                        0x00000000   Number         0  libshutdown2.o ABSOLUTE
    ../clib/libinit.s                        0x00000000   Number         0  libinit2.o ABSOLUTE
    ../clib/libinit.s                        0x00000000   Number         0  libinit.o ABSOLUTE
    ../clib/memcpset.s                       0x00000000   Number         0  strcmpv7m.o ABSOLUTE
    ../clib/signal.c                         0x00000000   Number         0  defsig_cppl_inner.o ABSOLUTE
    ../clib/signal.c                         0x00000000   Number         0  defsig_pvfn_inner.o ABSOLUTE
    ../clib/signal.c                         0x00000000   Number         0  defsig_stak_inner.o ABSOLUTE
    ../clib/signal.c                         0x00000000   Number         0  defsig_other.o ABSOLUTE
    ../clib/signal.c                         0x00000000   Number         0  defsig_rtred_inner.o ABSOLUTE
    ../clib/signal.c                         0x00000000   Number         0  defsig_fpe_inner.o ABSOLUTE
    ../clib/signal.c                         0x00000000   Number         0  defsig_abrt_inner.o ABSOLUTE
    ../clib/signal.c                         0x00000000   Number         0  defsig_general.o ABSOLUTE
    ../clib/signal.c                         0x00000000   Number         0  __raise.o ABSOLUTE
    ../clib/signal.c                         0x00000000   Number         0  defsig_rtmem_inner.o ABSOLUTE
    ../clib/signal.c                         0x00000000   Number         0  defsig_exit.o ABSOLUTE
    ../clib/signal.c                         0x00000000   Number         0  defsig_rtmem_formal.o ABSOLUTE
    ../clib/signal.c                         0x00000000   Number         0  defsig_rtmem_outer.o ABSOLUTE
    ../clib/signal.c                         0x00000000   Number         0  defsig_segv_inner.o ABSOLUTE
    ../clib/signal.s                         0x00000000   Number         0  defsig.o ABSOLUTE
    ../clib/stdlib.c                         0x00000000   Number         0  exit.o ABSOLUTE
    ../fplib/basic.s                         0x00000000   Number         0  basic.o ABSOLUTE
    ../fplib/daddsub.s                       0x00000000   Number         0  daddsub_clz.o ABSOLUTE
    ../fplib/dcheck1.s                       0x00000000   Number         0  dcheck1.o ABSOLUTE
    ../fplib/dcmpi.s                         0x00000000   Number         0  dcmpi.o ABSOLUTE
    ../fplib/ddiv.s                          0x00000000   Number         0  ddiv.o ABSOLUTE
    ../fplib/deqf.s                          0x00000000   Number         0  deqf.o ABSOLUTE
    ../fplib/dfix.s                          0x00000000   Number         0  dfix.o ABSOLUTE
    ../fplib/dfixu.s                         0x00000000   Number         0  dfixu.o ABSOLUTE
    ../fplib/dflt.s                          0x00000000   Number         0  dflt_clz.o ABSOLUTE
    ../fplib/dleqf.s                         0x00000000   Number         0  dleqf.o ABSOLUTE
    ../fplib/dmul.s                          0x00000000   Number         0  dmul.o ABSOLUTE
    ../fplib/dnaninf.s                       0x00000000   Number         0  dnaninf.o ABSOLUTE
    ../fplib/dretinf.s                       0x00000000   Number         0  dretinf.o ABSOLUTE
    ../fplib/drleqf.s                        0x00000000   Number         0  drleqf.o ABSOLUTE
    ../fplib/dsqrt.s                         0x00000000   Number         0  dsqrt_umaal.o ABSOLUTE
    ../fplib/fpinit.s                        0x00000000   Number         0  fpinit.o ABSOLUTE
    ../fplib/retnan.s                        0x00000000   Number         0  retnan.o ABSOLUTE
    ../fplib/scalbn.s                        0x00000000   Number         0  scalbn.o ABSOLUTE
    ../fplib/trapv.s                         0x00000000   Number         0  trapv.o ABSOLUTE
    ../fplib/usenofp.s                       0x00000000   Number         0  usenofp.o ABSOLUTE
    ../mathlib/dunder.c                      0x00000000   Number         0  dunder.o ABSOLUTE
    ../mathlib/fabs.c                        0x00000000   Number         0  fabs.o ABSOLUTE
    ../mathlib/fpclassify.c                  0x00000000   Number         0  fpclassify.o ABSOLUTE
    ../mathlib/log.c                         0x00000000   Number         0  log_x.o ABSOLUTE
    ../mathlib/log.c                         0x00000000   Number         0  log.o ABSOLUTE
    ../mathlib/log10.c                       0x00000000   Number         0  log10.o ABSOLUTE
    ../mathlib/log10.c                       0x00000000   Number         0  log10_x.o ABSOLUTE
    ../mathlib/poly.c                        0x00000000   Number         0  poly.o ABSOLUTE
    ../mathlib/pow.c                         0x00000000   Number         0  pow.o ABSOLUTE
    ../mathlib/pow.c                         0x00000000   Number         0  pow_x.o ABSOLUTE
    ../mathlib/qnan.c                        0x00000000   Number         0  qnan.o ABSOLUTE
    ../mathlib/sqrt.c                        0x00000000   Number         0  sqrt_x.o ABSOLUTE
    ../mathlib/sqrt.c                        0x00000000   Number         0  sqrt.o ABSOLUTE
    ../mathlib/wrappers.c                    0x00000000   Number         0  log10l.o ABSOLUTE
    PLL.c                                    0x00000000   Number         0  pll.o ABSOLUTE
    PLL.c                                    0x00000000   Number         0  pll.o ABSOLUTE
    RTE\Device\TM4C123GH6PM\startup_TM4C123.s 0x00000000   Number         0  startup_tm4c123.o ABSOLUTE
    RTE\Device\TM4C123GH6PM\system_TM4C123.c 0x00000000   Number         0  system_tm4c123.o ABSOLUTE
    RTE\\Device\\TM4C123GH6PM\\system_TM4C123.c 0x00000000   Number         0  system_tm4c123.o ABSOLUTE
    Systick.c                                0x00000000   Number         0  systick.o ABSOLUTE
    Systick.c                                0x00000000   Number         0  systick.o ABSOLUTE
    adc.c                                    0x00000000   Number         0  adc.o ABSOLUTE
    adc.c                                    0x00000000   Number         0  adc.o ABSOLUTE
    dc.s                                     0x00000000   Number         0  dc.o ABSOLUTE
    gpio.c                                   0x00000000   Number         0  gpio.o ABSOLUTE
    gpio.c                                   0x00000000   Number         0  gpio.o ABSOLUTE
    main.c                                   0x00000000   Number         0  main.o ABSOLUTE
    main.c                                   0x00000000   Number         0  main.o ABSOLUTE
    pwm.c                                    0x00000000   Number         0  pwm.o ABSOLUTE
    pwm.c                                    0x00000000   Number         0  pwm.o ABSOLUTE
    uart.c                                   0x00000000   Number         0  uart.o ABSOLUTE
    uart.c                                   0x00000000   Number         0  uart.o ABSOLUTE
    !!!main                                  0x0000026c   Section        8  __main.o(!!!main)
    !!!scatter                               0x00000274   Section       52  __scatter.o(!!!scatter)
    !!handler_copy                           0x000002a8   Section       26  __scatter_copy.o(!!handler_copy)
    !!handler_zi                             0x000002c4   Section       28  __scatter_zi.o(!!handler_zi)
    .ARM.Collect$$libinit$$00000000          0x000002e0   Section        2  libinit.o(.ARM.Collect$$libinit$$00000000)
    .ARM.Collect$$libinit$$00000001          0x000002e2   Section        4  libinit2.o(.ARM.Collect$$libinit$$00000001)
    .ARM.Collect$$libinit$$00000008          0x000002e6   Section        0  libinit2.o(.ARM.Collect$$libinit$$00000008)
    .ARM.Collect$$libinit$$0000000A          0x000002e6   Section        0  libinit2.o(.ARM.Collect$$libinit$$0000000A)
    .ARM.Collect$$libinit$$0000000C          0x000002e6   Section        0  libinit2.o(.ARM.Collect$$libinit$$0000000C)
    .ARM.Collect$$libinit$$0000000F          0x000002e6   Section        0  libinit2.o(.ARM.Collect$$libinit$$0000000F)
    .ARM.Collect$$libinit$$00000011          0x000002e6   Section        0  libinit2.o(.ARM.Collect$$libinit$$00000011)
    .ARM.Collect$$libinit$$00000013          0x000002e6   Section        0  libinit2.o(.ARM.Collect$$libinit$$00000013)
    .ARM.Collect$$libinit$$00000015          0x000002e6   Section        0  libinit2.o(.ARM.Collect$$libinit$$00000015)
    .ARM.Collect$$libinit$$00000017          0x000002e6   Section        0  libinit2.o(.ARM.Collect$$libinit$$00000017)
    .ARM.Collect$$libinit$$00000019          0x000002e6   Section        0  libinit2.o(.ARM.Collect$$libinit$$00000019)
    .ARM.Collect$$libinit$$0000001B          0x000002e6   Section        0  libinit2.o(.ARM.Collect$$libinit$$0000001B)
    .ARM.Collect$$libinit$$0000001D          0x000002e6   Section        0  libinit2.o(.ARM.Collect$$libinit$$0000001D)
    .ARM.Collect$$libinit$$0000001F          0x000002e6   Section        0  libinit2.o(.ARM.Collect$$libinit$$0000001F)
    .ARM.Collect$$libinit$$00000021          0x000002e6   Section        0  libinit2.o(.ARM.Collect$$libinit$$00000021)
    .ARM.Collect$$libinit$$00000023          0x000002e6   Section        0  libinit2.o(.ARM.Collect$$libinit$$00000023)
    .ARM.Collect$$libinit$$0000002A          0x000002e6   Section        0  libinit2.o(.ARM.Collect$$libinit$$0000002A)
    .ARM.Collect$$libinit$$0000002C          0x000002e6   Section        0  libinit2.o(.ARM.Collect$$libinit$$0000002C)
    .ARM.Collect$$libinit$$0000002E          0x000002e6   Section        0  libinit2.o(.ARM.Collect$$libinit$$0000002E)
    .ARM.Collect$$libinit$$00000030          0x000002e6   Section        0  libinit2.o(.ARM.Collect$$libinit$$00000030)
    .ARM.Collect$$libinit$$00000031          0x000002e6   Section        2  libinit2.o(.ARM.Collect$$libinit$$00000031)
    .ARM.Collect$$libshutdown$$00000000      0x000002e8   Section        2  libshutdown.o(.ARM.Collect$$libshutdown$$00000000)
    .ARM.Collect$$libshutdown$$00000003      0x000002ea   Section        0  libshutdown2.o(.ARM.Collect$$libshutdown$$00000003)
    .ARM.Collect$$libshutdown$$00000006      0x000002ea   Section        0  libshutdown2.o(.ARM.Collect$$libshutdown$$00000006)
    .ARM.Collect$$libshutdown$$00000009      0x000002ea   Section        0  libshutdown2.o(.ARM.Collect$$libshutdown$$00000009)
    .ARM.Collect$$libshutdown$$0000000B      0x000002ea   Section        0  libshutdown2.o(.ARM.Collect$$libshutdown$$0000000B)
    .ARM.Collect$$libshutdown$$0000000E      0x000002ea   Section        0  libshutdown2.o(.ARM.Collect$$libshutdown$$0000000E)
    .ARM.Collect$$libshutdown$$0000000F      0x000002ea   Section        2  libshutdown2.o(.ARM.Collect$$libshutdown$$0000000F)
    .ARM.Collect$$rtentry$$00000000          0x000002ec   Section        0  rtentry.o(.ARM.Collect$$rtentry$$00000000)
    .ARM.Collect$$rtentry$$00000002          0x000002ec   Section        0  rtentry2.o(.ARM.Collect$$rtentry$$00000002)
    .ARM.Collect$$rtentry$$00000004          0x000002ec   Section        6  rtentry4.o(.ARM.Collect$$rtentry$$00000004)
    .ARM.Collect$$rtentry$$00000009          0x000002f2   Section        0  rtentry2.o(.ARM.Collect$$rtentry$$00000009)
    .ARM.Collect$$rtentry$$0000000A          0x000002f2   Section        4  rtentry2.o(.ARM.Collect$$rtentry$$0000000A)
    .ARM.Collect$$rtentry$$0000000C          0x000002f6   Section        0  rtentry2.o(.ARM.Collect$$rtentry$$0000000C)
    .ARM.Collect$$rtentry$$0000000D          0x000002f6   Section        8  rtentry2.o(.ARM.Collect$$rtentry$$0000000D)
    .ARM.Collect$$rtexit$$00000000           0x000002fe   Section        2  rtexit.o(.ARM.Collect$$rtexit$$00000000)
    .ARM.Collect$$rtexit$$00000002           0x00000300   Section        0  rtexit2.o(.ARM.Collect$$rtexit$$00000002)
    .ARM.Collect$$rtexit$$00000003           0x00000300   Section        4  rtexit2.o(.ARM.Collect$$rtexit$$00000003)
    .ARM.Collect$$rtexit$$00000004           0x00000304   Section        6  rtexit2.o(.ARM.Collect$$rtexit$$00000004)
    .text                                    0x0000030c   Section      276  startup_tm4c123.o(.text)
    $v0                                      0x0000030c   Number         0  startup_tm4c123.o(.text)
    .text                                    0x00000420   Section      128  strcmpv7m.o(.text)
    .text                                    0x000004a0   Section        0  heapauxi.o(.text)
    .text                                    0x000004a6   Section        0  _rserrno.o(.text)
    .text                                    0x000004bc   Section        8  rt_errno_addr_intlibspace.o(.text)
    .text                                    0x000004c4   Section        8  libspace.o(.text)
    .text                                    0x000004cc   Section       74  sys_stackheap_outer.o(.text)
    .text                                    0x00000516   Section        0  exit.o(.text)
    .text                                    0x00000524   Section        0  sys_exit.o(.text)
    .text                                    0x00000530   Section        2  use_no_semi.o(.text)
    .text                                    0x00000532   Section        0  indicate_semi.o(.text)
    i.ADC0SS1_Handler                        0x00000534   Section        0  main.o(i.ADC0SS1_Handler)
    i.ADC_Init                               0x0000055c   Section        0  adc.o(i.ADC_Init)
    i.GPIOB_Handler                          0x00000640   Section        0  main.o(i.GPIOB_Handler)
    i.GPIO_AFInit                            0x00000780   Section        0  gpio.o(i.GPIO_AFInit)
    i.GPIO_AinInit                           0x00000838   Section        0  gpio.o(i.GPIO_AinInit)
    i.GPIO_DinInit                           0x00000862   Section        0  gpio.o(i.GPIO_DinInit)
    i.GPIO_IntAct                            0x00000892   Section        0  gpio.o(i.GPIO_IntAct)
    i.GPIO_IntConfig                         0x000008ac   Section        0  gpio.o(i.GPIO_IntConfig)
    i.GPIO_IntEnable                         0x00000904   Section        0  gpio.o(i.GPIO_IntEnable)
    i.GPIO_RCGC                              0x000009a0   Section        0  gpio.o(i.GPIO_RCGC)
    i.GPIO_Unlock                            0x00000a3c   Section        0  gpio.o(i.GPIO_Unlock)
    i.GPIO_Write                             0x00000a64   Section        0  gpio.o(i.GPIO_Write)
    i.NVIC_Enable                            0x00000a6a   Section        0  gpio.o(i.NVIC_Enable)
    NVIC_Enable                              0x00000a6b   Thumb Code    26  gpio.o(i.NVIC_Enable)
    i.NVIC_EnableIRQ                         0x00000a84   Section        0  main.o(i.NVIC_EnableIRQ)
    NVIC_EnableIRQ                           0x00000a85   Thumb Code    22  main.o(i.NVIC_EnableIRQ)
    i.NVIC_SetPrio                           0x00000a9c   Section        0  gpio.o(i.NVIC_SetPrio)
    NVIC_SetPrio                             0x00000a9d   Thumb Code    34  gpio.o(i.NVIC_SetPrio)
    i.NVIC_SetPriority                       0x00000ac8   Section        0  main.o(i.NVIC_SetPriority)
    NVIC_SetPriority                         0x00000ac9   Thumb Code    32  main.o(i.NVIC_SetPriority)
    i.PLL_Init                               0x00000af0   Section        0  pll.o(i.PLL_Init)
    i.PWM_GEN_0_Init                         0x00000ba8   Section        0  pwm.o(i.PWM_GEN_0_Init)
    i.PWM_GEN_1_Init                         0x00000bda   Section        0  pwm.o(i.PWM_GEN_1_Init)
    i.PWM_GEN_2_Init                         0x00000c1c   Section        0  pwm.o(i.PWM_GEN_2_Init)
    i.PWM_GEN_3_Init                         0x00000c66   Section        0  pwm.o(i.PWM_GEN_3_Init)
    i.PWM_Init                               0x00000cac   Section        0  pwm.o(i.PWM_Init)
    i.PWM_Load                               0x00000d58   Section        0  pwm.o(i.PWM_Load)
    i.Send                                   0x00000dc4   Section        0  main.o(i.Send)
    i.SysTick_Handler                        0x00000f38   Section        0  main.o(i.SysTick_Handler)
    i.SystemInit                             0x00000f48   Section        0  system_tm4c123.o(i.SystemInit)
    i.Systick_Init                           0x00000fe0   Section        0  systick.o(i.Systick_Init)
    i.TIMER0A_Handler                        0x00001060   Section        0  main.o(i.TIMER0A_Handler)
    i.Trigger                                0x00001098   Section        0  main.o(i.Trigger)
    i.UART5_Handler                          0x000010d0   Section        0  main.o(i.UART5_Handler)
    i.__ARM_fpclassify                       0x00001138   Section        0  fpclassify.o(i.__ARM_fpclassify)
    i.__hardfp_log                           0x00001168   Section        0  log.o(i.__hardfp_log)
    i.__hardfp_log10                         0x00001550   Section        0  log10.o(i.__hardfp_log10)
    i.__hardfp_log10l                        0x00001698   Section        0  log10l.o(i.__hardfp_log10l)
    i.__hardfp_pow                           0x000016a0   Section        0  pow.o(i.__hardfp_pow)
    i.__kernel_poly                          0x000022d8   Section        0  poly.o(i.__kernel_poly)
    i.__mathlib_dbl_underflow                0x000023d0   Section        0  dunder.o(i.__mathlib_dbl_underflow)
    i.checkstate                             0x000023f0   Section        0  main.o(i.checkstate)
    i.fabs                                   0x0000262c   Section        0  fabs.o(i.fabs)
    i.log                                    0x00002644   Section        0  log.o(i.log)
    i.main                                   0x00002654   Section        0  main.o(i.main)
    i.motor                                  0x00002848   Section        0  main.o(i.motor)
    i.run                                    0x000028a8   Section        0  main.o(i.run)
    i.sqrt                                   0x0000294c   Section        0  sqrt.o(i.sqrt)
    x$fpl$basic                              0x000029ba   Section       24  basic.o(x$fpl$basic)
    $v0                                      0x000029ba   Number         0  basic.o(x$fpl$basic)
    x$fpl$dadd                               0x000029d4   Section      336  daddsub_clz.o(x$fpl$dadd)
    $v0                                      0x000029d4   Number         0  daddsub_clz.o(x$fpl$dadd)
    _dadd1                                   0x000029e5   Thumb Code     0  daddsub_clz.o(x$fpl$dadd)
    x$fpl$dcheck1                            0x00002b24   Section       16  dcheck1.o(x$fpl$dcheck1)
    $v0                                      0x00002b24   Number         0  dcheck1.o(x$fpl$dcheck1)
    x$fpl$dcmpinf                            0x00002b34   Section       24  dcmpi.o(x$fpl$dcmpinf)
    $v0                                      0x00002b34   Number         0  dcmpi.o(x$fpl$dcmpinf)
    x$fpl$ddiv                               0x00002b4c   Section      688  ddiv.o(x$fpl$ddiv)
    $v0                                      0x00002b4c   Number         0  ddiv.o(x$fpl$ddiv)
    ddiv_entry                               0x00002b53   Thumb Code     0  ddiv.o(x$fpl$ddiv)
    x$fpl$deqf                               0x00002dfc   Section      120  deqf.o(x$fpl$deqf)
    $v0                                      0x00002dfc   Number         0  deqf.o(x$fpl$deqf)
    x$fpl$dfix                               0x00002e74   Section       94  dfix.o(x$fpl$dfix)
    $v0                                      0x00002e74   Number         0  dfix.o(x$fpl$dfix)
    x$fpl$dfixu                              0x00002ed4   Section       90  dfixu.o(x$fpl$dfixu)
    $v0                                      0x00002ed4   Number         0  dfixu.o(x$fpl$dfixu)
    x$fpl$dflt                               0x00002f2e   Section       46  dflt_clz.o(x$fpl$dflt)
    $v0                                      0x00002f2e   Number         0  dflt_clz.o(x$fpl$dflt)
    x$fpl$dfltu                              0x00002f5c   Section       38  dflt_clz.o(x$fpl$dfltu)
    $v0                                      0x00002f5c   Number         0  dflt_clz.o(x$fpl$dfltu)
    x$fpl$dleqf                              0x00002f84   Section      120  dleqf.o(x$fpl$dleqf)
    $v0                                      0x00002f84   Number         0  dleqf.o(x$fpl$dleqf)
    x$fpl$dmul                               0x00002ffc   Section      340  dmul.o(x$fpl$dmul)
    $v0                                      0x00002ffc   Number         0  dmul.o(x$fpl$dmul)
    x$fpl$dnaninf                            0x00003150   Section      156  dnaninf.o(x$fpl$dnaninf)
    $v0                                      0x00003150   Number         0  dnaninf.o(x$fpl$dnaninf)
    x$fpl$dretinf                            0x000031ec   Section       12  dretinf.o(x$fpl$dretinf)
    $v0                                      0x000031ec   Number         0  dretinf.o(x$fpl$dretinf)
    x$fpl$drleqf                             0x000031f8   Section      108  drleqf.o(x$fpl$drleqf)
    $v0                                      0x000031f8   Number         0  drleqf.o(x$fpl$drleqf)
    x$fpl$drsb                               0x00003264   Section       22  daddsub_clz.o(x$fpl$drsb)
    $v0                                      0x00003264   Number         0  daddsub_clz.o(x$fpl$drsb)
    x$fpl$dsqrt                              0x0000327c   Section      408  dsqrt_umaal.o(x$fpl$dsqrt)
    $v0                                      0x0000327c   Number         0  dsqrt_umaal.o(x$fpl$dsqrt)
    x$fpl$dsub                               0x00003414   Section      468  daddsub_clz.o(x$fpl$dsub)
    $v0                                      0x00003414   Number         0  daddsub_clz.o(x$fpl$dsub)
    _dsub1                                   0x00003425   Thumb Code     0  daddsub_clz.o(x$fpl$dsub)
    x$fpl$fpinit                             0x000035e8   Section       10  fpinit.o(x$fpl$fpinit)
    $v0                                      0x000035e8   Number         0  fpinit.o(x$fpl$fpinit)
    x$fpl$retnan                             0x000035f2   Section      100  retnan.o(x$fpl$retnan)
    $v0                                      0x000035f2   Number         0  retnan.o(x$fpl$retnan)
    x$fpl$scalbn                             0x00003656   Section       92  scalbn.o(x$fpl$scalbn)
    $v0                                      0x00003656   Number         0  scalbn.o(x$fpl$scalbn)
    x$fpl$trapveneer                         0x000036b2   Section       48  trapv.o(x$fpl$trapveneer)
    $v0                                      0x000036b2   Number         0  trapv.o(x$fpl$trapveneer)
    x$fpl$usenofp                            0x000036e2   Section        0  usenofp.o(x$fpl$usenofp)
    .constdata                               0x000036e8   Section      136  pow.o(.constdata)
    bp                                       0x000036e8   Data          16  pow.o(.constdata)
    dp_h                                     0x000036f8   Data          16  pow.o(.constdata)
    dp_l                                     0x00003708   Data          16  pow.o(.constdata)
    L                                        0x00003718   Data          48  pow.o(.constdata)
    P                                        0x00003748   Data          40  pow.o(.constdata)
    .constdata                               0x00003770   Section        8  qnan.o(.constdata)
    .constdata                               0x00003778   Section       56  log.o(.constdata)
    Lg2                                      0x00003778   Data          24  log.o(.constdata)
    Lg                                       0x00003790   Data          32  log.o(.constdata)
    .data                                    0x20000000   Section       44  main.o(.data)
    .bss                                     0x2000002c   Section       48  main.o(.bss)
    .bss                                     0x2000005c   Section       96  libspace.o(.bss)
    HEAP                                     0x200000c0   Section        0  startup_tm4c123.o(HEAP)
    STACK                                    0x200000c0   Section      512  startup_tm4c123.o(STACK)
    Heap_Mem                                 0x200000c0   Data           0  startup_tm4c123.o(HEAP)
    Stack_Mem                                0x200000c0   Data         512  startup_tm4c123.o(STACK)
    __initial_sp                             0x200002c0   Data           0  startup_tm4c123.o(STACK)

    Global Symbols

    Symbol Name                              Value     Ov Type        Size  Object(Section)

    BuildAttributes$$THM_ISAv4$E$P$D$K$B$S$7EM$VFPi3$EXTD16$VFPS$VFMA$PE$A:L22UL41UL21$X:L11$S22US41US21$IEEE1$IW$USESV6$~STKCKD$USESV7$~SHL$OTIME$ROPI$IEEEX$EBA8$UX$STANDARDLIB$REQ8$PRES8$EABIv2 0x00000000   Number         0  anon$$obj.o ABSOLUTE
    __ARM_use_no_argv                        0x00000000   Number         0  main.o ABSOLUTE
    __Vectors                                0x00000000   Data           4  startup_tm4c123.o(RESET)
    __ARM_exceptions_init                     - Undefined Weak Reference
    __alloca_initialize                       - Undefined Weak Reference
    __cpp_initialize__aeabi_                  - Undefined Weak Reference
    __cxa_finalize                            - Undefined Weak Reference
    __rt_locale                               - Undefined Weak Reference
    __sigvec_lookup                           - Undefined Weak Reference
    _atexit_init                              - Undefined Weak Reference
    _call_atexit_fns                          - Undefined Weak Reference
    _clock_init                               - Undefined Weak Reference
    _fp_trap_init                             - Undefined Weak Reference
    _fp_trap_shutdown                         - Undefined Weak Reference
    _get_lc_collate                           - Undefined Weak Reference
    _get_lc_ctype                             - Undefined Weak Reference
    _get_lc_monetary                          - Undefined Weak Reference
    _get_lc_numeric                           - Undefined Weak Reference
    _get_lc_time                              - Undefined Weak Reference
    _getenv_init                              - Undefined Weak Reference
    _handle_redirection                       - Undefined Weak Reference
    _init_alloc                               - Undefined Weak Reference
    _init_user_alloc                          - Undefined Weak Reference
    _initio                                   - Undefined Weak Reference
    _rand_init                                - Undefined Weak Reference
    _signal_finish                            - Undefined Weak Reference
    _signal_init                              - Undefined Weak Reference
    _terminate_alloc                          - Undefined Weak Reference
    _terminate_user_alloc                     - Undefined Weak Reference
    _terminateio                              - Undefined Weak Reference
    __Vectors_End                            0x0000026c   Data           0  startup_tm4c123.o(RESET)
    __Vectors_Size                           0x0000026c   Number         0  startup_tm4c123.o ABSOLUTE
    __main                                   0x0000026d   Thumb Code     8  __main.o(!!!main)
    __scatterload                            0x00000275   Thumb Code     0  __scatter.o(!!!scatter)
    __scatterload_rt2                        0x00000275   Thumb Code    44  __scatter.o(!!!scatter)
    __scatterload_rt2_thumb_only             0x00000275   Thumb Code     0  __scatter.o(!!!scatter)
    __scatterload_null                       0x00000283   Thumb Code     0  __scatter.o(!!!scatter)
    __scatterload_copy                       0x000002a9   Thumb Code    26  __scatter_copy.o(!!handler_copy)
    __scatterload_zeroinit                   0x000002c5   Thumb Code    28  __scatter_zi.o(!!handler_zi)
    __rt_lib_init                            0x000002e1   Thumb Code     0  libinit.o(.ARM.Collect$$libinit$$00000000)
    __rt_lib_init_fp_1                       0x000002e3   Thumb Code     0  libinit2.o(.ARM.Collect$$libinit$$00000001)
    __rt_lib_init_alloca_1                   0x000002e7   Thumb Code     0  libinit2.o(.ARM.Collect$$libinit$$0000002C)
    __rt_lib_init_argv_1                     0x000002e7   Thumb Code     0  libinit2.o(.ARM.Collect$$libinit$$0000002A)
    __rt_lib_init_atexit_1                   0x000002e7   Thumb Code     0  libinit2.o(.ARM.Collect$$libinit$$00000019)
    __rt_lib_init_clock_1                    0x000002e7   Thumb Code     0  libinit2.o(.ARM.Collect$$libinit$$0000001F)
    __rt_lib_init_cpp_1                      0x000002e7   Thumb Code     0  libinit2.o(.ARM.Collect$$libinit$$00000030)
    __rt_lib_init_exceptions_1               0x000002e7   Thumb Code     0  libinit2.o(.ARM.Collect$$libinit$$0000002E)
    __rt_lib_init_fp_trap_1                  0x000002e7   Thumb Code     0  libinit2.o(.ARM.Collect$$libinit$$0000001D)
    __rt_lib_init_getenv_1                   0x000002e7   Thumb Code     0  libinit2.o(.ARM.Collect$$libinit$$00000021)
    __rt_lib_init_heap_1                     0x000002e7   Thumb Code     0  libinit2.o(.ARM.Collect$$libinit$$00000008)
    __rt_lib_init_lc_collate_1               0x000002e7   Thumb Code     0  libinit2.o(.ARM.Collect$$libinit$$0000000F)
    __rt_lib_init_lc_ctype_1                 0x000002e7   Thumb Code     0  libinit2.o(.ARM.Collect$$libinit$$00000011)
    __rt_lib_init_lc_monetary_1              0x000002e7   Thumb Code     0  libinit2.o(.ARM.Collect$$libinit$$00000013)
    __rt_lib_init_lc_numeric_1               0x000002e7   Thumb Code     0  libinit2.o(.ARM.Collect$$libinit$$00000015)
    __rt_lib_init_lc_time_1                  0x000002e7   Thumb Code     0  libinit2.o(.ARM.Collect$$libinit$$00000017)
    __rt_lib_init_rand_1                     0x000002e7   Thumb Code     0  libinit2.o(.ARM.Collect$$libinit$$0000000C)
    __rt_lib_init_return                     0x000002e7   Thumb Code     0  libinit2.o(.ARM.Collect$$libinit$$00000031)
    __rt_lib_init_signal_1                   0x000002e7   Thumb Code     0  libinit2.o(.ARM.Collect$$libinit$$0000001B)
    __rt_lib_init_stdio_1                    0x000002e7   Thumb Code     0  libinit2.o(.ARM.Collect$$libinit$$00000023)
    __rt_lib_init_user_alloc_1               0x000002e7   Thumb Code     0  libinit2.o(.ARM.Collect$$libinit$$0000000A)
    __rt_lib_shutdown                        0x000002e9   Thumb Code     0  libshutdown.o(.ARM.Collect$$libshutdown$$00000000)
    __rt_lib_shutdown_fp_trap_1              0x000002eb   Thumb Code     0  libshutdown2.o(.ARM.Collect$$libshutdown$$00000006)
    __rt_lib_shutdown_heap_1                 0x000002eb   Thumb Code     0  libshutdown2.o(.ARM.Collect$$libshutdown$$0000000E)
    __rt_lib_shutdown_return                 0x000002eb   Thumb Code     0  libshutdown2.o(.ARM.Collect$$libshutdown$$0000000F)
    __rt_lib_shutdown_signal_1               0x000002eb   Thumb Code     0  libshutdown2.o(.ARM.Collect$$libshutdown$$00000009)
    __rt_lib_shutdown_stdio_1                0x000002eb   Thumb Code     0  libshutdown2.o(.ARM.Collect$$libshutdown$$00000003)
    __rt_lib_shutdown_user_alloc_1           0x000002eb   Thumb Code     0  libshutdown2.o(.ARM.Collect$$libshutdown$$0000000B)
    __rt_entry                               0x000002ed   Thumb Code     0  rtentry.o(.ARM.Collect$$rtentry$$00000000)
    __rt_entry_presh_1                       0x000002ed   Thumb Code     0  rtentry2.o(.ARM.Collect$$rtentry$$00000002)
    __rt_entry_sh                            0x000002ed   Thumb Code     0  rtentry4.o(.ARM.Collect$$rtentry$$00000004)
    __rt_entry_li                            0x000002f3   Thumb Code     0  rtentry2.o(.ARM.Collect$$rtentry$$0000000A)
    __rt_entry_postsh_1                      0x000002f3   Thumb Code     0  rtentry2.o(.ARM.Collect$$rtentry$$00000009)
    __rt_entry_main                          0x000002f7   Thumb Code     0  rtentry2.o(.ARM.Collect$$rtentry$$0000000D)
    __rt_entry_postli_1                      0x000002f7   Thumb Code     0  rtentry2.o(.ARM.Collect$$rtentry$$0000000C)
    __rt_exit                                0x000002ff   Thumb Code     0  rtexit.o(.ARM.Collect$$rtexit$$00000000)
    __rt_exit_ls                             0x00000301   Thumb Code     0  rtexit2.o(.ARM.Collect$$rtexit$$00000003)
    __rt_exit_prels_1                        0x00000301   Thumb Code     0  rtexit2.o(.ARM.Collect$$rtexit$$00000002)
    __rt_exit_exit                           0x00000305   Thumb Code     0  rtexit2.o(.ARM.Collect$$rtexit$$00000004)
    Reset_Handler                            0x0000030d   Thumb Code     8  startup_tm4c123.o(.text)
    NMI_Handler                              0x00000315   Thumb Code     2  startup_tm4c123.o(.text)
    HardFault_Handler                        0x00000317   Thumb Code     2  startup_tm4c123.o(.text)
    MemManage_Handler                        0x00000319   Thumb Code     2  startup_tm4c123.o(.text)
    BusFault_Handler                         0x0000031b   Thumb Code     2  startup_tm4c123.o(.text)
    UsageFault_Handler                       0x0000031d   Thumb Code     2  startup_tm4c123.o(.text)
    SVC_Handler                              0x0000031f   Thumb Code     2  startup_tm4c123.o(.text)
    DebugMon_Handler                         0x00000321   Thumb Code     2  startup_tm4c123.o(.text)
    PendSV_Handler                           0x00000323   Thumb Code     2  startup_tm4c123.o(.text)
    GPIOA_Handler                            0x00000327   Thumb Code     2  startup_tm4c123.o(.text)
    GPIOC_Handler                            0x0000032b   Thumb Code     2  startup_tm4c123.o(.text)
    GPIOD_Handler                            0x0000032d   Thumb Code     2  startup_tm4c123.o(.text)
    GPIOE_Handler                            0x0000032f   Thumb Code     2  startup_tm4c123.o(.text)
    UART0_Handler                            0x00000331   Thumb Code     2  startup_tm4c123.o(.text)
    UART1_Handler                            0x00000333   Thumb Code     2  startup_tm4c123.o(.text)
    SSI0_Handler                             0x00000335   Thumb Code     2  startup_tm4c123.o(.text)
    I2C0_Handler                             0x00000337   Thumb Code     2  startup_tm4c123.o(.text)
    PMW0_FAULT_Handler                       0x00000339   Thumb Code     2  startup_tm4c123.o(.text)
    PWM0_0_Handler                           0x0000033b   Thumb Code     2  startup_tm4c123.o(.text)
    PWM0_1_Handler                           0x0000033d   Thumb Code     2  startup_tm4c123.o(.text)
    PWM0_2_Handler                           0x0000033f   Thumb Code     2  startup_tm4c123.o(.text)
    QEI0_Handler                             0x00000341   Thumb Code     2  startup_tm4c123.o(.text)
    ADC0SS0_Handler                          0x00000343   Thumb Code     2  startup_tm4c123.o(.text)
    ADC0SS2_Handler                          0x00000347   Thumb Code     2  startup_tm4c123.o(.text)
    ADC0SS3_Handler                          0x00000349   Thumb Code     2  startup_tm4c123.o(.text)
    WDT0_Handler                             0x0000034b   Thumb Code     2  startup_tm4c123.o(.text)
    TIMER0B_Handler                          0x0000034f   Thumb Code     2  startup_tm4c123.o(.text)
    TIMER1A_Handler                          0x00000351   Thumb Code     2  startup_tm4c123.o(.text)
    TIMER1B_Handler                          0x00000353   Thumb Code     2  startup_tm4c123.o(.text)
    TIMER2A_Handler                          0x00000355   Thumb Code     2  startup_tm4c123.o(.text)
    TIMER2B_Handler                          0x00000357   Thumb Code     2  startup_tm4c123.o(.text)
    COMP0_Handler                            0x00000359   Thumb Code     2  startup_tm4c123.o(.text)
    COMP1_Handler                            0x0000035b   Thumb Code     2  startup_tm4c123.o(.text)
    COMP2_Handler                            0x0000035d   Thumb Code     2  startup_tm4c123.o(.text)
    SYSCTL_Handler                           0x0000035f   Thumb Code     2  startup_tm4c123.o(.text)
    FLASH_Handler                            0x00000361   Thumb Code     2  startup_tm4c123.o(.text)
    GPIOF_Handler                            0x00000363   Thumb Code     2  startup_tm4c123.o(.text)
    GPIOG_Handler                            0x00000365   Thumb Code     2  startup_tm4c123.o(.text)
    GPIOH_Handler                            0x00000367   Thumb Code     2  startup_tm4c123.o(.text)
    UART2_Handler                            0x00000369   Thumb Code     2  startup_tm4c123.o(.text)
    SSI1_Handler                             0x0000036b   Thumb Code     2  startup_tm4c123.o(.text)
    TIMER3A_Handler                          0x0000036d   Thumb Code     2  startup_tm4c123.o(.text)
    TIMER3B_Handler                          0x0000036f   Thumb Code     2  startup_tm4c123.o(.text)
    I2C1_Handler                             0x00000371   Thumb Code     2  startup_tm4c123.o(.text)
    QEI1_Handler                             0x00000373   Thumb Code     2  startup_tm4c123.o(.text)
    CAN0_Handler                             0x00000375   Thumb Code     2  startup_tm4c123.o(.text)
    CAN1_Handler                             0x00000377   Thumb Code     2  startup_tm4c123.o(.text)
    CAN2_Handler                             0x00000379   Thumb Code     2  startup_tm4c123.o(.text)
    HIB_Handler                              0x0000037b   Thumb Code     2  startup_tm4c123.o(.text)
    USB0_Handler                             0x0000037d   Thumb Code     2  startup_tm4c123.o(.text)
    PWM0_3_Handler                           0x0000037f   Thumb Code     2  startup_tm4c123.o(.text)
    UDMA_Handler                             0x00000381   Thumb Code     2  startup_tm4c123.o(.text)
    UDMAERR_Handler                          0x00000383   Thumb Code     2  startup_tm4c123.o(.text)
    ADC1SS0_Handler                          0x00000385   Thumb Code     2  startup_tm4c123.o(.text)
    ADC1SS1_Handler                          0x00000387   Thumb Code     2  startup_tm4c123.o(.text)
    ADC1SS2_Handler                          0x00000389   Thumb Code     2  startup_tm4c123.o(.text)
    ADC1SS3_Handler                          0x0000038b   Thumb Code     2  startup_tm4c123.o(.text)
    GPIOJ_Handler                            0x0000038d   Thumb Code     2  startup_tm4c123.o(.text)
    GPIOK_Handler                            0x0000038f   Thumb Code     2  startup_tm4c123.o(.text)
    GPIOL_Handler                            0x00000391   Thumb Code     2  startup_tm4c123.o(.text)
    SSI2_Handler                             0x00000393   Thumb Code     2  startup_tm4c123.o(.text)
    SSI3_Handler                             0x00000395   Thumb Code     2  startup_tm4c123.o(.text)
    UART3_Handler                            0x00000397   Thumb Code     2  startup_tm4c123.o(.text)
    UART4_Handler                            0x00000399   Thumb Code     2  startup_tm4c123.o(.text)
    UART6_Handler                            0x0000039d   Thumb Code     2  startup_tm4c123.o(.text)
    UART7_Handler                            0x0000039f   Thumb Code     2  startup_tm4c123.o(.text)
    I2C2_Handler                             0x000003a1   Thumb Code     2  startup_tm4c123.o(.text)
    I2C3_Handler                             0x000003a3   Thumb Code     2  startup_tm4c123.o(.text)
    TIMER4A_Handler                          0x000003a5   Thumb Code     2  startup_tm4c123.o(.text)
    TIMER4B_Handler                          0x000003a7   Thumb Code     2  startup_tm4c123.o(.text)
    TIMER5A_Handler                          0x000003a9   Thumb Code     2  startup_tm4c123.o(.text)
    TIMER5B_Handler                          0x000003ab   Thumb Code     2  startup_tm4c123.o(.text)
    WTIMER0A_Handler                         0x000003ad   Thumb Code     2  startup_tm4c123.o(.text)
    WTIMER0B_Handler                         0x000003af   Thumb Code     2  startup_tm4c123.o(.text)
    WTIMER1A_Handler                         0x000003b1   Thumb Code     2  startup_tm4c123.o(.text)
    WTIMER1B_Handler                         0x000003b3   Thumb Code     2  startup_tm4c123.o(.text)
    WTIMER2A_Handler                         0x000003b5   Thumb Code     2  startup_tm4c123.o(.text)
    WTIMER2B_Handler                         0x000003b7   Thumb Code     2  startup_tm4c123.o(.text)
    WTIMER3A_Handler                         0x000003b9   Thumb Code     2  startup_tm4c123.o(.text)
    WTIMER3B_Handler                         0x000003bb   Thumb Code     2  startup_tm4c123.o(.text)
    WTIMER4A_Handler                         0x000003bd   Thumb Code     2  startup_tm4c123.o(.text)
    WTIMER4B_Handler                         0x000003bf   Thumb Code     2  startup_tm4c123.o(.text)
    WTIMER5A_Handler                         0x000003c1   Thumb Code     2  startup_tm4c123.o(.text)
    WTIMER5B_Handler                         0x000003c3   Thumb Code     2  startup_tm4c123.o(.text)
    FPU_Handler                              0x000003c5   Thumb Code     2  startup_tm4c123.o(.text)
    I2C4_Handler                             0x000003c7   Thumb Code     2  startup_tm4c123.o(.text)
    I2C5_Handler                             0x000003c9   Thumb Code     2  startup_tm4c123.o(.text)
    GPIOM_Handler                            0x000003cb   Thumb Code     2  startup_tm4c123.o(.text)
    GPION_Handler                            0x000003cd   Thumb Code     2  startup_tm4c123.o(.text)
    QEI2_Handler                             0x000003cf   Thumb Code     2  startup_tm4c123.o(.text)
    GPIOP0_Handler                           0x000003d1   Thumb Code     2  startup_tm4c123.o(.text)
    GPIOP1_Handler                           0x000003d3   Thumb Code     2  startup_tm4c123.o(.text)
    GPIOP2_Handler                           0x000003d5   Thumb Code     2  startup_tm4c123.o(.text)
    GPIOP3_Handler                           0x000003d7   Thumb Code     2  startup_tm4c123.o(.text)
    GPIOP4_Handler                           0x000003d9   Thumb Code     2  startup_tm4c123.o(.text)
    GPIOP5_Handler                           0x000003db   Thumb Code     2  startup_tm4c123.o(.text)
    GPIOP6_Handler                           0x000003dd   Thumb Code     2  startup_tm4c123.o(.text)
    GPIOP7_Handler                           0x000003df   Thumb Code     2  startup_tm4c123.o(.text)
    GPIOQ0_Handler                           0x000003e1   Thumb Code     2  startup_tm4c123.o(.text)
    GPIOQ1_Handler                           0x000003e3   Thumb Code     2  startup_tm4c123.o(.text)
    GPIOQ2_Handler                           0x000003e5   Thumb Code     2  startup_tm4c123.o(.text)
    GPIOQ3_Handler                           0x000003e7   Thumb Code     2  startup_tm4c123.o(.text)
    GPIOQ4_Handler                           0x000003e9   Thumb Code     2  startup_tm4c123.o(.text)
    GPIOQ5_Handler                           0x000003eb   Thumb Code     2  startup_tm4c123.o(.text)
    GPIOQ6_Handler                           0x000003ed   Thumb Code     2  startup_tm4c123.o(.text)
    GPIOQ7_Handler                           0x000003ef   Thumb Code     2  startup_tm4c123.o(.text)
    GPIOR_Handler                            0x000003f1   Thumb Code     2  startup_tm4c123.o(.text)
    GPIOS_Handler                            0x000003f3   Thumb Code     2  startup_tm4c123.o(.text)
    PMW1_0_Handler                           0x000003f5   Thumb Code     2  startup_tm4c123.o(.text)
    PWM1_1_Handler                           0x000003f7   Thumb Code     2  startup_tm4c123.o(.text)
    PWM1_2_Handler                           0x000003f9   Thumb Code     2  startup_tm4c123.o(.text)
    PWM1_3_Handler                           0x000003fb   Thumb Code     2  startup_tm4c123.o(.text)
    PWM1_FAULT_Handler                       0x000003fd   Thumb Code     2  startup_tm4c123.o(.text)
    __user_initial_stackheap                 0x00000401   Thumb Code     0  startup_tm4c123.o(.text)
    strcmp                                   0x00000421   Thumb Code   128  strcmpv7m.o(.text)
    __use_two_region_memory                  0x000004a1   Thumb Code     2  heapauxi.o(.text)
    __rt_heap_escrow$2region                 0x000004a3   Thumb Code     2  heapauxi.o(.text)
    __rt_heap_expand$2region                 0x000004a5   Thumb Code     2  heapauxi.o(.text)
    __read_errno                             0x000004a7   Thumb Code    10  _rserrno.o(.text)
    __set_errno                              0x000004b1   Thumb Code    12  _rserrno.o(.text)
    __aeabi_errno_addr                       0x000004bd   Thumb Code     8  rt_errno_addr_intlibspace.o(.text)
    __errno$intlibspace                      0x000004bd   Thumb Code     0  rt_errno_addr_intlibspace.o(.text)
    __rt_errno_addr$intlibspace              0x000004bd   Thumb Code     0  rt_errno_addr_intlibspace.o(.text)
    __user_libspace                          0x000004c5   Thumb Code     8  libspace.o(.text)
    __user_perproc_libspace                  0x000004c5   Thumb Code     0  libspace.o(.text)
    __user_perthread_libspace                0x000004c5   Thumb Code     0  libspace.o(.text)
    __user_setup_stackheap                   0x000004cd   Thumb Code    74  sys_stackheap_outer.o(.text)
    exit                                     0x00000517   Thumb Code    12  exit.o(.text)
    _sys_exit                                0x00000525   Thumb Code     8  sys_exit.o(.text)
    __I$use$semihosting                      0x00000531   Thumb Code     0  use_no_semi.o(.text)
    __use_no_semihosting_swi                 0x00000531   Thumb Code     2  use_no_semi.o(.text)
    __semihosting_library_function           0x00000533   Thumb Code     0  indicate_semi.o(.text)
    ADC0SS1_Handler                          0x00000535   Thumb Code    30  main.o(i.ADC0SS1_Handler)
    ADC_Init                                 0x0000055d   Thumb Code   214  adc.o(i.ADC_Init)
    GPIOB_Handler                            0x00000641   Thumb Code   290  main.o(i.GPIOB_Handler)
    GPIO_AFInit                              0x00000781   Thumb Code   174  gpio.o(i.GPIO_AFInit)
    GPIO_AinInit                             0x00000839   Thumb Code    42  gpio.o(i.GPIO_AinInit)
    GPIO_DinInit                             0x00000863   Thumb Code    48  gpio.o(i.GPIO_DinInit)
    GPIO_IntAct                              0x00000893   Thumb Code    26  gpio.o(i.GPIO_IntAct)
    GPIO_IntConfig                           0x000008ad   Thumb Code    86  gpio.o(i.GPIO_IntConfig)
    GPIO_IntEnable                           0x00000905   Thumb Code   148  gpio.o(i.GPIO_IntEnable)
    GPIO_RCGC                                0x000009a1   Thumb Code   144  gpio.o(i.GPIO_RCGC)
    GPIO_Unlock                              0x00000a3d   Thumb Code    34  gpio.o(i.GPIO_Unlock)
    GPIO_Write                               0x00000a65   Thumb Code     6  gpio.o(i.GPIO_Write)
    PLL_Init                                 0x00000af1   Thumb Code   168  pll.o(i.PLL_Init)
    PWM_GEN_0_Init                           0x00000ba9   Thumb Code    50  pwm.o(i.PWM_GEN_0_Init)
    PWM_GEN_1_Init                           0x00000bdb   Thumb Code    66  pwm.o(i.PWM_GEN_1_Init)
    PWM_GEN_2_Init                           0x00000c1d   Thumb Code    74  pwm.o(i.PWM_GEN_2_Init)
    PWM_GEN_3_Init                           0x00000c67   Thumb Code    70  pwm.o(i.PWM_GEN_3_Init)
    PWM_Init                                 0x00000cad   Thumb Code   160  pwm.o(i.PWM_Init)
    PWM_Load                                 0x00000d59   Thumb Code   106  pwm.o(i.PWM_Load)
    Send                                     0x00000dc5   Thumb Code   336  main.o(i.Send)
    SysTick_Handler                          0x00000f39   Thumb Code    12  main.o(i.SysTick_Handler)
    SystemInit                               0x00000f49   Thumb Code   112  system_tm4c123.o(i.SystemInit)
    Systick_Init                             0x00000fe1   Thumb Code   118  systick.o(i.Systick_Init)
    TIMER0A_Handler                          0x00001061   Thumb Code    46  main.o(i.TIMER0A_Handler)
    Trigger                                  0x00001099   Thumb Code    50  main.o(i.Trigger)
    UART5_Handler                            0x000010d1   Thumb Code    90  main.o(i.UART5_Handler)
    __ARM_fpclassify                         0x00001139   Thumb Code    48  fpclassify.o(i.__ARM_fpclassify)
    __hardfp_log                             0x00001169   Thumb Code   882  log.o(i.__hardfp_log)
    __hardfp_log10                           0x00001551   Thumb Code   266  log10.o(i.__hardfp_log10)
    __hardfp_log10l                          0x00001699   Thumb Code     4  log10l.o(i.__hardfp_log10l)
    __hardfp_pow                             0x000016a1   Thumb Code  3048  pow.o(i.__hardfp_pow)
    __kernel_poly                            0x000022d9   Thumb Code   248  poly.o(i.__kernel_poly)
    __mathlib_dbl_underflow                  0x000023d1   Thumb Code    24  dunder.o(i.__mathlib_dbl_underflow)
    checkstate                               0x000023f1   Thumb Code   472  main.o(i.checkstate)
    fabs                                     0x0000262d   Thumb Code    24  fabs.o(i.fabs)
    log                                      0x00002645   Thumb Code    16  log.o(i.log)
    main                                     0x00002655   Thumb Code   450  main.o(i.main)
    motor                                    0x00002849   Thumb Code    88  main.o(i.motor)
    run                                      0x000028a9   Thumb Code   150  main.o(i.run)
    sqrt                                     0x0000294d   Thumb Code   110  sqrt.o(i.sqrt)
    __aeabi_dneg                             0x000029bb   Thumb Code     0  basic.o(x$fpl$basic)
    _dneg                                    0x000029bb   Thumb Code     6  basic.o(x$fpl$basic)
    __aeabi_fneg                             0x000029c1   Thumb Code     0  basic.o(x$fpl$basic)
    _fneg                                    0x000029c1   Thumb Code     6  basic.o(x$fpl$basic)
    _dabs                                    0x000029c7   Thumb Code     6  basic.o(x$fpl$basic)
    _fabs                                    0x000029cd   Thumb Code     6  basic.o(x$fpl$basic)
    __aeabi_dadd                             0x000029d5   Thumb Code     0  daddsub_clz.o(x$fpl$dadd)
    _dadd                                    0x000029d5   Thumb Code   332  daddsub_clz.o(x$fpl$dadd)
    __fpl_dcheck_NaN1                        0x00002b25   Thumb Code    10  dcheck1.o(x$fpl$dcheck1)
    __fpl_dcmp_Inf                           0x00002b35   Thumb Code    24  dcmpi.o(x$fpl$dcmpinf)
    __aeabi_ddiv                             0x00002b4d   Thumb Code     0  ddiv.o(x$fpl$ddiv)
    _ddiv                                    0x00002b4d   Thumb Code   552  ddiv.o(x$fpl$ddiv)
    __aeabi_cdcmpeq                          0x00002dfd   Thumb Code     0  deqf.o(x$fpl$deqf)
    _dcmpeq                                  0x00002dfd   Thumb Code   120  deqf.o(x$fpl$deqf)
    __aeabi_d2iz                             0x00002e75   Thumb Code     0  dfix.o(x$fpl$dfix)
    _dfix                                    0x00002e75   Thumb Code    94  dfix.o(x$fpl$dfix)
    __aeabi_d2uiz                            0x00002ed5   Thumb Code     0  dfixu.o(x$fpl$dfixu)
    _dfixu                                   0x00002ed5   Thumb Code    90  dfixu.o(x$fpl$dfixu)
    __aeabi_i2d                              0x00002f2f   Thumb Code     0  dflt_clz.o(x$fpl$dflt)
    _dflt                                    0x00002f2f   Thumb Code    46  dflt_clz.o(x$fpl$dflt)
    __aeabi_ui2d                             0x00002f5d   Thumb Code     0  dflt_clz.o(x$fpl$dfltu)
    _dfltu                                   0x00002f5d   Thumb Code    38  dflt_clz.o(x$fpl$dfltu)
    __aeabi_cdcmple                          0x00002f85   Thumb Code     0  dleqf.o(x$fpl$dleqf)
    _dcmple                                  0x00002f85   Thumb Code   120  dleqf.o(x$fpl$dleqf)
    __fpl_dcmple_InfNaN                      0x00002fe7   Thumb Code     0  dleqf.o(x$fpl$dleqf)
    __aeabi_dmul                             0x00002ffd   Thumb Code     0  dmul.o(x$fpl$dmul)
    _dmul                                    0x00002ffd   Thumb Code   332  dmul.o(x$fpl$dmul)
    __fpl_dnaninf                            0x00003151   Thumb Code   156  dnaninf.o(x$fpl$dnaninf)
    __fpl_dretinf                            0x000031ed   Thumb Code    12  dretinf.o(x$fpl$dretinf)
    __aeabi_cdrcmple                         0x000031f9   Thumb Code     0  drleqf.o(x$fpl$drleqf)
    _drcmple                                 0x000031f9   Thumb Code   108  drleqf.o(x$fpl$drleqf)
    __aeabi_drsub                            0x00003265   Thumb Code     0  daddsub_clz.o(x$fpl$drsb)
    _drsb                                    0x00003265   Thumb Code    22  daddsub_clz.o(x$fpl$drsb)
    _dsqrt                                   0x0000327d   Thumb Code   404  dsqrt_umaal.o(x$fpl$dsqrt)
    __aeabi_dsub                             0x00003415   Thumb Code     0  daddsub_clz.o(x$fpl$dsub)
    _dsub                                    0x00003415   Thumb Code   464  daddsub_clz.o(x$fpl$dsub)
    _fp_init                                 0x000035e9   Thumb Code    10  fpinit.o(x$fpl$fpinit)
    __fplib_config_fpu_vfp                   0x000035f1   Thumb Code     0  fpinit.o(x$fpl$fpinit)
    __fplib_config_pureend_doubles           0x000035f1   Thumb Code     0  fpinit.o(x$fpl$fpinit)
    __fpl_return_NaN                         0x000035f3   Thumb Code   100  retnan.o(x$fpl$retnan)
    __ARM_scalbn                             0x00003657   Thumb Code    92  scalbn.o(x$fpl$scalbn)
    __fpl_cmpreturn                          0x000036b3   Thumb Code    48  trapv.o(x$fpl$trapveneer)
    __I$use$fp                               0x000036e2   Number         0  usenofp.o(x$fpl$usenofp)
    __mathlib_zero                           0x00003770   Data           8  qnan.o(.constdata)
    Region$$Table$$Base                      0x000037b0   Number         0  anon$$obj.o(Region$$Table)
    Region$$Table$$Limit                     0x000037d0   Number         0  anon$$obj.o(Region$$Table)
    a                                        0x20000000   Data           4  main.o(.data)
    adc                                      0x20000004   Data           8  main.o(.data)
    buffer                                   0x2000000c   Data           5  main.o(.data)
    length                                   0x20000014   Data           4  main.o(.data)
    state                                    0x20000018   Data           1  main.o(.data)
    tick                                     0x2000001c   Data           4  main.o(.data)
    cur                                      0x20000020   Data           4  main.o(.data)
    servo1                                   0x20000024   Data           4  main.o(.data)
    servo2                                   0x20000028   Data           4  main.o(.data)
    srf                                      0x2000002c   Data          12  main.o(.bss)
    _tmp                                     0x20000038   Data          12  main.o(.bss)
    _tick                                    0x20000044   Data          12  main.o(.bss)
    flag                                     0x20000050   Data          12  main.o(.bss)
    __libspace_start                         0x2000005c   Data          96  libspace.o(.bss)
    __temporary_stack_top$libspace           0x200000bc   Data           0  libspace.o(.bss)



==============================================================================

Memory Map of the image

  Image Entry point : 0x0000026d

  Load Region LR_IROM1 (Base: 0x00000000, Size: 0x000037fc, Max: 0x00040000, ABSOLUTE)

    Execution Region ER_IROM1 (Base: 0x00000000, Size: 0x000037d0, Max: 0x00040000, ABSOLUTE)

    Base Addr    Size         Type   Attr      Idx    E Section Name        Object

    0x00000000   0x0000026c   Data   RO          445    RESET               startup_tm4c123.o
    0x0000026c   0x00000008   Code   RO          493  * !!!main             c_w.l(__main.o)
    0x00000274   0x00000034   Code   RO          774    !!!scatter          c_w.l(__scatter.o)
    0x000002a8   0x0000001a   Code   RO          776    !!handler_copy      c_w.l(__scatter_copy.o)
    0x000002c2   0x00000002   PAD
    0x000002c4   0x0000001c   Code   RO          778    !!handler_zi        c_w.l(__scatter_zi.o)
    0x000002e0   0x00000002   Code   RO          642    .ARM.Collect$$libinit$$00000000  c_w.l(libinit.o)
    0x000002e2   0x00000004   Code   RO          651    .ARM.Collect$$libinit$$00000001  c_w.l(libinit2.o)
    0x000002e6   0x00000000   Code   RO          655    .ARM.Collect$$libinit$$00000008  c_w.l(libinit2.o)
    0x000002e6   0x00000000   Code   RO          657    .ARM.Collect$$libinit$$0000000A  c_w.l(libinit2.o)
    0x000002e6   0x00000000   Code   RO          659    .ARM.Collect$$libinit$$0000000C  c_w.l(libinit2.o)
    0x000002e6   0x00000000   Code   RO          662    .ARM.Collect$$libinit$$0000000F  c_w.l(libinit2.o)
    0x000002e6   0x00000000   Code   RO          664    .ARM.Collect$$libinit$$00000011  c_w.l(libinit2.o)
    0x000002e6   0x00000000   Code   RO          666    .ARM.Collect$$libinit$$00000013  c_w.l(libinit2.o)
    0x000002e6   0x00000000   Code   RO          668    .ARM.Collect$$libinit$$00000015  c_w.l(libinit2.o)
    0x000002e6   0x00000000   Code   RO          670    .ARM.Collect$$libinit$$00000017  c_w.l(libinit2.o)
    0x000002e6   0x00000000   Code   RO          672    .ARM.Collect$$libinit$$00000019  c_w.l(libinit2.o)
    0x000002e6   0x00000000   Code   RO          674    .ARM.Collect$$libinit$$0000001B  c_w.l(libinit2.o)
    0x000002e6   0x00000000   Code   RO          676    .ARM.Collect$$libinit$$0000001D  c_w.l(libinit2.o)
    0x000002e6   0x00000000   Code   RO          678    .ARM.Collect$$libinit$$0000001F  c_w.l(libinit2.o)
    0x000002e6   0x00000000   Code   RO          680    .ARM.Collect$$libinit$$00000021  c_w.l(libinit2.o)
    0x000002e6   0x00000000   Code   RO          682    .ARM.Collect$$libinit$$00000023  c_w.l(libinit2.o)
    0x000002e6   0x00000000   Code   RO          686    .ARM.Collect$$libinit$$0000002A  c_w.l(libinit2.o)
    0x000002e6   0x00000000   Code   RO          688    .ARM.Collect$$libinit$$0000002C  c_w.l(libinit2.o)
    0x000002e6   0x00000000   Code   RO          690    .ARM.Collect$$libinit$$0000002E  c_w.l(libinit2.o)
    0x000002e6   0x00000000   Code   RO          692    .ARM.Collect$$libinit$$00000030  c_w.l(libinit2.o)
    0x000002e6   0x00000002   Code   RO          693    .ARM.Collect$$libinit$$00000031  c_w.l(libinit2.o)
    0x000002e8   0x00000002   Code   RO          715    .ARM.Collect$$libshutdown$$00000000  c_w.l(libshutdown.o)
    0x000002ea   0x00000000   Code   RO          729    .ARM.Collect$$libshutdown$$00000003  c_w.l(libshutdown2.o)
    0x000002ea   0x00000000   Code   RO          732    .ARM.Collect$$libshutdown$$00000006  c_w.l(libshutdown2.o)
    0x000002ea   0x00000000   Code   RO          735    .ARM.Collect$$libshutdown$$00000009  c_w.l(libshutdown2.o)
    0x000002ea   0x00000000   Code   RO          737    .ARM.Collect$$libshutdown$$0000000B  c_w.l(libshutdown2.o)
    0x000002ea   0x00000000   Code   RO          740    .ARM.Collect$$libshutdown$$0000000E  c_w.l(libshutdown2.o)
    0x000002ea   0x00000002   Code   RO          741    .ARM.Collect$$libshutdown$$0000000F  c_w.l(libshutdown2.o)
    0x000002ec   0x00000000   Code   RO          531    .ARM.Collect$$rtentry$$00000000  c_w.l(rtentry.o)
    0x000002ec   0x00000000   Code   RO          591    .ARM.Collect$$rtentry$$00000002  c_w.l(rtentry2.o)
    0x000002ec   0x00000006   Code   RO          603    .ARM.Collect$$rtentry$$00000004  c_w.l(rtentry4.o)
    0x000002f2   0x00000000   Code   RO          593    .ARM.Collect$$rtentry$$00000009  c_w.l(rtentry2.o)
    0x000002f2   0x00000004   Code   RO          594    .ARM.Collect$$rtentry$$0000000A  c_w.l(rtentry2.o)
    0x000002f6   0x00000000   Code   RO          596    .ARM.Collect$$rtentry$$0000000C  c_w.l(rtentry2.o)
    0x000002f6   0x00000008   Code   RO          597    .ARM.Collect$$rtentry$$0000000D  c_w.l(rtentry2.o)
    0x000002fe   0x00000002   Code   RO          649    .ARM.Collect$$rtexit$$00000000  c_w.l(rtexit.o)
    0x00000300   0x00000000   Code   RO          697    .ARM.Collect$$rtexit$$00000002  c_w.l(rtexit2.o)
    0x00000300   0x00000004   Code   RO          698    .ARM.Collect$$rtexit$$00000003  c_w.l(rtexit2.o)
    0x00000304   0x00000006   Code   RO          699    .ARM.Collect$$rtexit$$00000004  c_w.l(rtexit2.o)
    0x0000030a   0x00000002   PAD
    0x0000030c   0x00000114   Code   RO          446    .text               startup_tm4c123.o
    0x00000420   0x00000080   Code   RO          489    .text               c_w.l(strcmpv7m.o)
    0x000004a0   0x00000006   Code   RO          491    .text               c_w.l(heapauxi.o)
    0x000004a6   0x00000016   Code   RO          532    .text               c_w.l(_rserrno.o)
    0x000004bc   0x00000008   Code   RO          608    .text               c_w.l(rt_errno_addr_intlibspace.o)
    0x000004c4   0x00000008   Code   RO          630    .text               c_w.l(libspace.o)
    0x000004cc   0x0000004a   Code   RO          633    .text               c_w.l(sys_stackheap_outer.o)
    0x00000516   0x0000000c   Code   RO          635    .text               c_w.l(exit.o)
    0x00000522   0x00000002   PAD
    0x00000524   0x0000000c   Code   RO          707    .text               c_w.l(sys_exit.o)
    0x00000530   0x00000002   Code   RO          718    .text               c_w.l(use_no_semi.o)
    0x00000532   0x00000000   Code   RO          720    .text               c_w.l(indicate_semi.o)
    0x00000532   0x00000002   PAD
    0x00000534   0x00000028   Code   RO            3    i.ADC0SS1_Handler   main.o
    0x0000055c   0x000000e4   Code   RO          358    i.ADC_Init          adc.o
    0x00000640   0x00000140   Code   RO            4    i.GPIOB_Handler     main.o
    0x00000780   0x000000b8   Code   RO          154    i.GPIO_AFInit       gpio.o
    0x00000838   0x0000002a   Code   RO          155    i.GPIO_AinInit      gpio.o
    0x00000862   0x00000030   Code   RO          158    i.GPIO_DinInit      gpio.o
    0x00000892   0x0000001a   Code   RO          159    i.GPIO_IntAct       gpio.o
    0x000008ac   0x00000056   Code   RO          160    i.GPIO_IntConfig    gpio.o
    0x00000902   0x00000002   PAD
    0x00000904   0x0000009c   Code   RO          161    i.GPIO_IntEnable    gpio.o
    0x000009a0   0x0000009c   Code   RO          162    i.GPIO_RCGC         gpio.o
    0x00000a3c   0x00000028   Code   RO          164    i.GPIO_Unlock       gpio.o
    0x00000a64   0x00000006   Code   RO          165    i.GPIO_Write        gpio.o
    0x00000a6a   0x0000001a   Code   RO          166    i.NVIC_Enable       gpio.o
    0x00000a84   0x00000016   Code   RO            5    i.NVIC_EnableIRQ    main.o
    0x00000a9a   0x00000002   PAD
    0x00000a9c   0x0000002c   Code   RO          167    i.NVIC_SetPrio      gpio.o
    0x00000ac8   0x00000028   Code   RO            6    i.NVIC_SetPriority  main.o
    0x00000af0   0x000000b8   Code   RO          402    i.PLL_Init          pll.o
    0x00000ba8   0x00000032   Code   RO          259    i.PWM_GEN_0_Init    pwm.o
    0x00000bda   0x00000042   Code   RO          260    i.PWM_GEN_1_Init    pwm.o
    0x00000c1c   0x0000004a   Code   RO          261    i.PWM_GEN_2_Init    pwm.o
    0x00000c66   0x00000046   Code   RO          262    i.PWM_GEN_3_Init    pwm.o
    0x00000cac   0x000000ac   Code   RO          263    i.PWM_Init          pwm.o
    0x00000d58   0x0000006a   Code   RO          264    i.PWM_Load          pwm.o
    0x00000dc2   0x00000002   PAD
    0x00000dc4   0x00000174   Code   RO            7    i.Send              main.o
    0x00000f38   0x00000010   Code   RO            8    i.SysTick_Handler   main.o
    0x00000f48   0x00000098   Code   RO          453    i.SystemInit        system_tm4c123.o
    0x00000fe0   0x00000080   Code   RO          326    i.Systick_Init      systick.o
    0x00001060   0x00000038   Code   RO            9    i.TIMER0A_Handler   main.o
    0x00001098   0x00000038   Code   RO           10    i.Trigger           main.o
    0x000010d0   0x00000068   Code   RO           11    i.UART5_Handler     main.o
    0x00001138   0x00000030   Code   RO          561    i.__ARM_fpclassify  m_wm.l(fpclassify.o)
    0x00001168   0x000003e4   Code   RO          616    i.__hardfp_log      m_wm.l(log.o)
    0x0000154c   0x00000004   PAD
    0x00001550   0x00000148   Code   RO          563    i.__hardfp_log10    m_wm.l(log10.o)
    0x00001698   0x00000004   Code   RO          527    i.__hardfp_log10l   m_wm.l(log10l.o)
    0x0000169c   0x00000004   PAD
    0x000016a0   0x00000c38   Code   RO          513    i.__hardfp_pow      m_wm.l(pow.o)
    0x000022d8   0x000000f8   Code   RO          575    i.__kernel_poly     m_wm.l(poly.o)
    0x000023d0   0x00000020   Code   RO          553    i.__mathlib_dbl_underflow  m_wm.l(dunder.o)
    0x000023f0   0x0000023c   Code   RO           12    i.checkstate        main.o
    0x0000262c   0x00000018   Code   RO          557    i.fabs              m_wm.l(fabs.o)
    0x00002644   0x00000010   Code   RO          618    i.log               m_wm.l(log.o)
    0x00002654   0x000001f4   Code   RO           13    i.main              main.o
    0x00002848   0x00000060   Code   RO           14    i.motor             main.o
    0x000028a8   0x000000a4   Code   RO           15    i.run               main.o
    0x0000294c   0x0000006e   Code   RO          580    i.sqrt              m_wm.l(sqrt.o)
    0x000029ba   0x00000018   Code   RO          534    x$fpl$basic         fz_wm.l(basic.o)
    0x000029d2   0x00000002   PAD
    0x000029d4   0x00000150   Code   RO          536    x$fpl$dadd          fz_wm.l(daddsub_clz.o)
    0x00002b24   0x00000010   Code   RO          610    x$fpl$dcheck1       fz_wm.l(dcheck1.o)
    0x00002b34   0x00000018   Code   RO          643    x$fpl$dcmpinf       fz_wm.l(dcmpi.o)
    0x00002b4c   0x000002b0   Code   RO          496    x$fpl$ddiv          fz_wm.l(ddiv.o)
    0x00002dfc   0x00000078   Code   RO          645    x$fpl$deqf          fz_wm.l(deqf.o)
    0x00002e74   0x0000005e   Code   RO          499    x$fpl$dfix          fz_wm.l(dfix.o)
    0x00002ed2   0x00000002   PAD
    0x00002ed4   0x0000005a   Code   RO          503    x$fpl$dfixu         fz_wm.l(dfixu.o)
    0x00002f2e   0x0000002e   Code   RO          508    x$fpl$dflt          fz_wm.l(dflt_clz.o)
    0x00002f5c   0x00000026   Code   RO          507    x$fpl$dfltu         fz_wm.l(dflt_clz.o)
    0x00002f82   0x00000002   PAD
    0x00002f84   0x00000078   Code   RO          612    x$fpl$dleqf         fz_wm.l(dleqf.o)
    0x00002ffc   0x00000154   Code   RO          542    x$fpl$dmul          fz_wm.l(dmul.o)
    0x00003150   0x0000009c   Code   RO          544    x$fpl$dnaninf       fz_wm.l(dnaninf.o)
    0x000031ec   0x0000000c   Code   RO          546    x$fpl$dretinf       fz_wm.l(dretinf.o)
    0x000031f8   0x0000006c   Code   RO          548    x$fpl$drleqf        fz_wm.l(drleqf.o)
    0x00003264   0x00000016   Code   RO          537    x$fpl$drsb          fz_wm.l(daddsub_clz.o)
    0x0000327a   0x00000002   PAD
    0x0000327c   0x00000198   Code   RO          614    x$fpl$dsqrt         fz_wm.l(dsqrt_umaal.o)
    0x00003414   0x000001d4   Code   RO          538    x$fpl$dsub          fz_wm.l(daddsub_clz.o)
    0x000035e8   0x0000000a   Code   RO          705    x$fpl$fpinit        fz_wm.l(fpinit.o)
    0x000035f2   0x00000064   Code   RO          647    x$fpl$retnan        fz_wm.l(retnan.o)
    0x00003656   0x0000005c   Code   RO          550    x$fpl$scalbn        fz_wm.l(scalbn.o)
    0x000036b2   0x00000030   Code   RO          694    x$fpl$trapveneer    fz_wm.l(trapv.o)
    0x000036e2   0x00000000   Code   RO          552    x$fpl$usenofp       fz_wm.l(usenofp.o)
    0x000036e2   0x00000006   PAD
    0x000036e8   0x00000088   Data   RO          516    .constdata          m_wm.l(pow.o)
    0x00003770   0x00000008   Data   RO          577    .constdata          m_wm.l(qnan.o)
    0x00003778   0x00000038   Data   RO          619    .constdata          m_wm.l(log.o)
    0x000037b0   0x00000020   Data   RO          772    Region$$Table       anon$$obj.o


    Execution Region RW_IRAM1 (Base: 0x20000000, Size: 0x000002c0, Max: 0x00008000, ABSOLUTE)

    Base Addr    Size         Type   Attr      Idx    E Section Name        Object

    0x20000000   0x0000002c   Data   RW           17    .data               main.o
    0x2000002c   0x00000030   Zero   RW           16    .bss                main.o
    0x2000005c   0x00000060   Zero   RW          631    .bss                c_w.l(libspace.o)
    0x200000bc   0x00000004   PAD
    0x200000c0   0x00000000   Zero   RW          444    HEAP                startup_tm4c123.o
    0x200000c0   0x00000200   Zero   RW          443    STACK               startup_tm4c123.o


==============================================================================

Image component sizes


      Code (inc. data)   RO Data    RW Data    ZI Data      Debug   Object Name

       228         14          0          0          0       1199   adc.o
       814         46          0          0          0       7587   gpio.o
      2358        296          0         44         48      61419   main.o
       184         16          0          0          0        659   pll.o
       538         12          0          0          0       4290   pwm.o
       276         24        620          0        512       5432   startup_tm4c123.o
       152         40          0          0          0        577   system_tm4c123.o
       128         10          0          0          0      27234   systick.o

    ----------------------------------------------------------------------
      4684        458        652         44        560     108397   Object Totals
         0          0         32          0          0          0   (incl. Generated)
         6          0          0          0          0          0   (incl. Padding)

    ----------------------------------------------------------------------

      Code (inc. data)   RO Data    RW Data    ZI Data      Debug   Library Member Name

         8          0          0          0          0         68   __main.o
        52          8          0          0          0          0   __scatter.o
        26          0          0          0          0          0   __scatter_copy.o
        28          0          0          0          0          0   __scatter_zi.o
        22          0          0          0          0        100   _rserrno.o
        12          0          0          0          0         72   exit.o
         6          0          0          0          0        152   heapauxi.o
         0          0          0          0          0          0   indicate_semi.o
         2          0          0          0          0          0   libinit.o
         6          0          0          0          0          0   libinit2.o
         2          0          0          0          0          0   libshutdown.o
         2          0          0          0          0          0   libshutdown2.o
         8          4          0          0         96         68   libspace.o
         8          4          0          0          0         68   rt_errno_addr_intlibspace.o
         0          0          0          0          0          0   rtentry.o
        12          0          0          0          0          0   rtentry2.o
         6          0          0          0          0          0   rtentry4.o
         2          0          0          0          0          0   rtexit.o
        10          0          0          0          0          0   rtexit2.o
       128          0          0          0          0         68   strcmpv7m.o
        12          4          0          0          0         68   sys_exit.o
        74          0          0          0          0         80   sys_stackheap_outer.o
         2          0          0          0          0         68   use_no_semi.o
        24          0          0          0          0        164   basic.o
       826         16          0          0          0        492   daddsub_clz.o
        16          4          0          0          0        116   dcheck1.o
        24          0          0          0          0        116   dcmpi.o
       688        140          0          0          0        256   ddiv.o
       120          4          0          0          0        140   deqf.o
        94          4          0          0          0        140   dfix.o
        90          4          0          0          0        140   dfixu.o
        84          0          0          0          0        232   dflt_clz.o
       120          4          0          0          0        140   dleqf.o
       340         12          0          0          0        152   dmul.o
       156          4          0          0          0        140   dnaninf.o
        12          0          0          0          0        116   dretinf.o
       108          0          0          0          0        128   drleqf.o
       408         56          0          0          0        168   dsqrt_umaal.o
        10          0          0          0          0        116   fpinit.o
       100          0          0          0          0        116   retnan.o
        92          0          0          0          0        116   scalbn.o
        48          0          0          0          0        116   trapv.o
         0          0          0          0          0          0   usenofp.o
        32          8          0          0          0        124   dunder.o
        24          0          0          0          0        124   fabs.o
        48          0          0          0          0        124   fpclassify.o
      1012        114         56          0          0        356   log.o
       328         62          0          0          0        156   log10.o
         4          0          0          0          0        116   log10l.o
       248          0          0          0          0        152   poly.o
      3128        304        136          0          0        216   pow.o
         0          0          8          0          0          0   qnan.o
       110          0          0          0          0        148   sqrt.o

    ----------------------------------------------------------------------
      8752        760        200          0        100       5432   Library Totals
        30          4          0          0          4          0   (incl. Padding)

    ----------------------------------------------------------------------

      Code (inc. data)   RO Data    RW Data    ZI Data      Debug   Library Name

       428         20          0          0         96        812   c_w.l
      3360        248          0          0          0       3104   fz_wm.l
      4934        488        200          0          0       1516   m_wm.l

    ----------------------------------------------------------------------
      8752        760        200          0        100       5432   Library Totals

    ----------------------------------------------------------------------

==============================================================================


      Code (inc. data)   RO Data    RW Data    ZI Data      Debug   

     13436       1218        852         44        660     107417   Grand Totals
     13436       1218        852         44        660     107417   ELF Image Totals
     13436       1218        852         44          0          0   ROM Totals

==============================================================================

    Total RO  Size (Code + RO Data)                14288 (  13.95kB)
    Total RW  Size (RW Data + ZI Data)               704 (   0.69kB)
    Total ROM Size (Code + RO Data + RW Data)      14332 (  14.00kB)

==============================================================================

